2025-03-16T04:34:51+00:00 CRITICAL Uncaught Error: Failed opening required '/home/agroswift/public_html/wp-includes/PHPMailer/PHPMailer.php' (include_path='.:/opt/cpanel/ea-php81/root/usr/share/pear') in /home/agroswift/public_html/wp-content/plugins/gosmtp/init.php:120
Stack trace:
#0 /home/agroswift/public_html/wp-includes/class-wp-hook.php(324): gosmtp_load_phpmailer(Array)
#1 /home/agroswift/public_html/wp-includes/plugin.php(205): WP_Hook->apply_filters(Array, Array)
#2 /home/agroswift/public_html/wp-includes/pluggable.php(192): apply_filters('wp_mail', Array)
#3 /home/agroswift/public_html/wp-content/plugins/contact-form-7/includes/mail.php(135): wp_mail('yourmail@gmail....', '\xD0\x9F\xD1\x80\xD0\xBE\xD0\xBC\xD0\xBE\xD0\xBA\xD0\xBE\xD0...', '\xD0\x9F\xD1\x80\xD0\xBE\xD0\xBC\xD0\xBE\xD0\xBA\xD0\xBE\xD0...', 'From: <info@agr...', Array)
#4 /home/agroswift/public_html/wp-content/plugins/contact-form-7/includes/mail.php(19): WPCF7_Mail->compose()
#5 /home/agroswift/public_html/wp-content/plugins/contact-form-7/includes/submission.php(474): WPCF7_Mail::send(Array, 'mail')
#6 /home/agroswift/public_html/wp-content/plugins/contact-form-7/includes/submission.php(92): WPCF7_Submission->mail()
#7 /home/agroswift/public_html/wp-content/plugins/contact-form-7/includes/submission.php(24): WPCF7_Submission->proceed()
#8 /home/agroswift/public_html/wp-content/plugins/contact-form-7/includes/contact-form.php(763): WPCF7_Submission::get_instance(Object(WPCF7_ContactForm), Array)
#9 /home/agroswift/public_html/wp-content/plugins/contact-form-7/includes/controller.php(25): WPCF7_ContactForm->submit()
#10 /home/agroswift/public_html/wp-includes/class-wp-hook.php(322): wpcf7_control_init()
#11 /home/agroswift/public_html/wp-includes/class-wp-hook.php(348): WP_Hook->apply_filters(NULL, Array)
#12 /home/agroswift/public_html/wp-includes/plugin.php(565): WP_Hook->do_action(Array)
#13 /home/agroswift/public_html/wp-includes/class-wp.php(418): do_action_ref_array('parse_request', Array)
#14 /home/agroswift/public_html/wp-includes/class-wp.php(813): WP->parse_request('')
#15 /home/agroswift/public_html/wp-includes/functions.php(1336): WP->main('')
#16 /home/agroswift/public_html/wp-blog-header.php(16): wp()
#17 /home/agroswift/public_html/index.php(17): require('/home/agroswift...')
#18 {main}
  thrown in /home/agroswift/public_html/wp-content/plugins/gosmtp/init.php on line 120

2025-03-16T07:03:22+00:00 CRITICAL Uncaught Error: Failed opening required '/home/agroswift/public_html/wp-includes/PHPMailer/PHPMailer.php' (include_path='.:/opt/cpanel/ea-php81/root/usr/share/pear') in /home/agroswift/public_html/wp-content/plugins/gosmtp/init.php:120
Stack trace:
#0 /home/agroswift/public_html/wp-includes/class-wp-hook.php(324): gosmtp_load_phpmailer(Array)
#1 /home/agroswift/public_html/wp-includes/plugin.php(205): WP_Hook->apply_filters(Array, Array)
#2 /home/agroswift/public_html/wp-includes/pluggable.php(192): apply_filters('wp_mail', Array)
#3 /home/agroswift/public_html/wp-content/plugins/contact-form-7/includes/mail.php(135): wp_mail('dav.i.dl.inesma...', 'When installing...', 'When installing...', 'From: <info@agr...', Array)
#4 /home/agroswift/public_html/wp-content/plugins/contact-form-7/includes/mail.php(19): WPCF7_Mail->compose()
#5 /home/agroswift/public_html/wp-content/plugins/contact-form-7/includes/submission.php(474): WPCF7_Mail::send(Array, 'mail')
#6 /home/agroswift/public_html/wp-content/plugins/contact-form-7/includes/submission.php(92): WPCF7_Submission->mail()
#7 /home/agroswift/public_html/wp-content/plugins/contact-form-7/includes/submission.php(24): WPCF7_Submission->proceed()
#8 /home/agroswift/public_html/wp-content/plugins/contact-form-7/includes/contact-form.php(763): WPCF7_Submission::get_instance(Object(WPCF7_ContactForm), Array)
#9 /home/agroswift/public_html/wp-content/plugins/contact-form-7/includes/rest-api.php(321): WPCF7_ContactForm->submit()
#10 /home/agroswift/public_html/wp-includes/rest-api/class-wp-rest-server.php(1230): wpcf7_rest_create_feedback(Object(WP_REST_Request))
#11 /home/agroswift/public_html/wp-includes/rest-api/class-wp-rest-server.php(1063): WP_REST_Server->respond_to_request(Object(WP_REST_Request), '/contact-form-7...', Array, NULL)
#12 /home/agroswift/public_html/wp-includes/rest-api/class-wp-rest-server.php(439): WP_REST_Server->dispatch(Object(WP_REST_Request))
#13 /home/agroswift/public_html/wp-includes/rest-api.php(428): WP_REST_Server->serve_request('/contact-form-7...')
#14 /home/agroswift/public_html/wp-includes/class-wp-hook.php(324): rest_api_loaded(Object(WP))
#15 /home/agroswift/public_html/wp-includes/class-wp-hook.php(348): WP_Hook->apply_filters(NULL, Array)
#16 /home/agroswift/public_html/wp-includes/plugin.php(565): WP_Hook->do_action(Array)
#17 /home/agroswift/public_html/wp-includes/class-wp.php(418): do_action_ref_array('parse_request', Array)
#18 /home/agroswift/public_html/wp-includes/class-wp.php(813): WP->parse_request('')
#19 /home/agroswift/public_html/wp-includes/functions.php(1336): WP->main('')
#20 /home/agroswift/public_html/wp-blog-header.php(16): wp()
#21 /home/agroswift/public_html/index.php(17): require('/home/agroswift...')
#22 {main}
  thrown in /home/agroswift/public_html/wp-content/plugins/gosmtp/init.php on line 120

2025-03-16T15:05:15+00:00 CRITICAL Uncaught Error: Failed opening required '/home/agroswift/public_html/wp-includes/PHPMailer/PHPMailer.php' (include_path='.:/opt/cpanel/ea-php81/root/usr/share/pear') in /home/agroswift/public_html/wp-content/plugins/gosmtp/init.php:120
Stack trace:
#0 /home/agroswift/public_html/wp-includes/class-wp-hook.php(324): gosmtp_load_phpmailer(Array)
#1 /home/agroswift/public_html/wp-includes/plugin.php(205): WP_Hook->apply_filters(Array, Array)
#2 /home/agroswift/public_html/wp-includes/pluggable.php(192): apply_filters('wp_mail', Array)
#3 /home/agroswift/public_html/wp-content/plugins/contact-form-7/includes/mail.php(135): wp_mail('djnwswmt8qo@jia...', '\xD0\x9F\xD0\xBE\xD0\xB7\xD0\xB4\xD1\x80\xD0\xB0\xD0\xB2\xD0...', '\xD0\x9F\xD0\xBE\xD0\xB7\xD0\xB4\xD1\x80\xD0\xB0\xD0\xB2\xD0...', 'From: <info@agr...', Array)
#4 /home/agroswift/public_html/wp-content/plugins/contact-form-7/includes/mail.php(19): WPCF7_Mail->compose()
#5 /home/agroswift/public_html/wp-content/plugins/contact-form-7/includes/submission.php(474): WPCF7_Mail::send(Array, 'mail')
#6 /home/agroswift/public_html/wp-content/plugins/contact-form-7/includes/submission.php(92): WPCF7_Submission->mail()
#7 /home/agroswift/public_html/wp-content/plugins/contact-form-7/includes/submission.php(24): WPCF7_Submission->proceed()
#8 /home/agroswift/public_html/wp-content/plugins/contact-form-7/includes/contact-form.php(763): WPCF7_Submission::get_instance(Object(WPCF7_ContactForm), Array)
#9 /home/agroswift/public_html/wp-content/plugins/contact-form-7/includes/rest-api.php(321): WPCF7_ContactForm->submit()
#10 /home/agroswift/public_html/wp-includes/rest-api/class-wp-rest-server.php(1230): wpcf7_rest_create_feedback(Object(WP_REST_Request))
#11 /home/agroswift/public_html/wp-includes/rest-api/class-wp-rest-server.php(1063): WP_REST_Server->respond_to_request(Object(WP_REST_Request), '/contact-form-7...', Array, NULL)
#12 /home/agroswift/public_html/wp-includes/rest-api/class-wp-rest-server.php(439): WP_REST_Server->dispatch(Object(WP_REST_Request))
#13 /home/agroswift/public_html/wp-includes/rest-api.php(428): WP_REST_Server->serve_request('/contact-form-7...')
#14 /home/agroswift/public_html/wp-includes/class-wp-hook.php(324): rest_api_loaded(Object(WP))
#15 /home/agroswift/public_html/wp-includes/class-wp-hook.php(348): WP_Hook->apply_filters(NULL, Array)
#16 /home/agroswift/public_html/wp-includes/plugin.php(565): WP_Hook->do_action(Array)
#17 /home/agroswift/public_html/wp-includes/class-wp.php(418): do_action_ref_array('parse_request', Array)
#18 /home/agroswift/public_html/wp-includes/class-wp.php(813): WP->parse_request('')
#19 /home/agroswift/public_html/wp-includes/functions.php(1336): WP->main('')
#20 /home/agroswift/public_html/wp-blog-header.php(16): wp()
#21 /home/agroswift/public_html/index.php(17): require('/home/agroswift...')
#22 {main}
  thrown in /home/agroswift/public_html/wp-content/plugins/gosmtp/init.php on line 120

2025-03-16T15:36:19+00:00 CRITICAL Uncaught Error: Failed opening required '/home/agroswift/public_html/wp-includes/PHPMailer/PHPMailer.php' (include_path='.:/opt/cpanel/ea-php81/root/usr/share/pear') in /home/agroswift/public_html/wp-content/plugins/gosmtp/init.php:120
Stack trace:
#0 /home/agroswift/public_html/wp-includes/class-wp-hook.php(324): gosmtp_load_phpmailer(Array)
#1 /home/agroswift/public_html/wp-includes/plugin.php(205): WP_Hook->apply_filters(Array, Array)
#2 /home/agroswift/public_html/wp-includes/pluggable.php(192): apply_filters('wp_mail', Array)
#3 /home/agroswift/public_html/wp-content/plugins/contact-form-7/includes/mail.php(135): wp_mail('f1zqibygo5h@jia...', 'myQ36QB H2FE LT...', 'myQ36QB H2FE LT...', 'From: <info@agr...', Array)
#4 /home/agroswift/public_html/wp-content/plugins/contact-form-7/includes/mail.php(19): WPCF7_Mail->compose()
#5 /home/agroswift/public_html/wp-content/plugins/contact-form-7/includes/submission.php(474): WPCF7_Mail::send(Array, 'mail')
#6 /home/agroswift/public_html/wp-content/plugins/contact-form-7/includes/submission.php(92): WPCF7_Submission->mail()
#7 /home/agroswift/public_html/wp-content/plugins/contact-form-7/includes/submission.php(24): WPCF7_Submission->proceed()
#8 /home/agroswift/public_html/wp-content/plugins/contact-form-7/includes/contact-form.php(763): WPCF7_Submission::get_instance(Object(WPCF7_ContactForm), Array)
#9 /home/agroswift/public_html/wp-content/plugins/contact-form-7/includes/rest-api.php(321): WPCF7_ContactForm->submit()
#10 /home/agroswift/public_html/wp-includes/rest-api/class-wp-rest-server.php(1230): wpcf7_rest_create_feedback(Object(WP_REST_Request))
#11 /home/agroswift/public_html/wp-includes/rest-api/class-wp-rest-server.php(1063): WP_REST_Server->respond_to_request(Object(WP_REST_Request), '/contact-form-7...', Array, NULL)
#12 /home/agroswift/public_html/wp-includes/rest-api/class-wp-rest-server.php(439): WP_REST_Server->dispatch(Object(WP_REST_Request))
#13 /home/agroswift/public_html/wp-includes/rest-api.php(428): WP_REST_Server->serve_request('/contact-form-7...')
#14 /home/agroswift/public_html/wp-includes/class-wp-hook.php(324): rest_api_loaded(Object(WP))
#15 /home/agroswift/public_html/wp-includes/class-wp-hook.php(348): WP_Hook->apply_filters(NULL, Array)
#16 /home/agroswift/public_html/wp-includes/plugin.php(565): WP_Hook->do_action(Array)
#17 /home/agroswift/public_html/wp-includes/class-wp.php(418): do_action_ref_array('parse_request', Array)
#18 /home/agroswift/public_html/wp-includes/class-wp.php(813): WP->parse_request('')
#19 /home/agroswift/public_html/wp-includes/functions.php(1336): WP->main('')
#20 /home/agroswift/public_html/wp-blog-header.php(16): wp()
#21 /home/agroswift/public_html/index.php(17): require('/home/agroswift...')
#22 {main}
  thrown in /home/agroswift/public_html/wp-content/plugins/gosmtp/init.php on line 120

2025-03-16T20:30:19+00:00 CRITICAL Uncaught Error: Failed opening required '/home/agroswift/public_html/wp-includes/PHPMailer/PHPMailer.php' (include_path='.:/opt/cpanel/ea-php81/root/usr/share/pear') in /home/agroswift/public_html/wp-content/plugins/gosmtp/init.php:120
Stack trace:
#0 /home/agroswift/public_html/wp-includes/class-wp-hook.php(324): gosmtp_load_phpmailer(Array)
#1 /home/agroswift/public_html/wp-includes/plugin.php(205): WP_Hook->apply_filters(Array, Array)
#2 /home/agroswift/public_html/wp-includes/pluggable.php(192): apply_filters('wp_mail', Array)
#3 /home/agroswift/public_html/wp-content/plugins/contact-form-7/includes/mail.php(135): wp_mail('djnwswmt8qo@jia...', '\xD0\x94\xD0\xBE\xD0\xB1\xD1\x80\xD1\x8B\xD0\xB9 \xD0\xB4...', '\xD0\x94\xD0\xBE\xD0\xB1\xD1\x80\xD1\x8B\xD0\xB9 \xD0\xB4...', 'From: <info@agr...', Array)
#4 /home/agroswift/public_html/wp-content/plugins/contact-form-7/includes/mail.php(19): WPCF7_Mail->compose()
#5 /home/agroswift/public_html/wp-content/plugins/contact-form-7/includes/submission.php(474): WPCF7_Mail::send(Array, 'mail')
#6 /home/agroswift/public_html/wp-content/plugins/contact-form-7/includes/submission.php(92): WPCF7_Submission->mail()
#7 /home/agroswift/public_html/wp-content/plugins/contact-form-7/includes/submission.php(24): WPCF7_Submission->proceed()
#8 /home/agroswift/public_html/wp-content/plugins/contact-form-7/includes/contact-form.php(763): WPCF7_Submission::get_instance(Object(WPCF7_ContactForm), Array)
#9 /home/agroswift/public_html/wp-content/plugins/contact-form-7/includes/rest-api.php(321): WPCF7_ContactForm->submit()
#10 /home/agroswift/public_html/wp-includes/rest-api/class-wp-rest-server.php(1230): wpcf7_rest_create_feedback(Object(WP_REST_Request))
#11 /home/agroswift/public_html/wp-includes/rest-api/class-wp-rest-server.php(1063): WP_REST_Server->respond_to_request(Object(WP_REST_Request), '/contact-form-7...', Array, NULL)
#12 /home/agroswift/public_html/wp-includes/rest-api/class-wp-rest-server.php(439): WP_REST_Server->dispatch(Object(WP_REST_Request))
#13 /home/agroswift/public_html/wp-includes/rest-api.php(428): WP_REST_Server->serve_request('/contact-form-7...')
#14 /home/agroswift/public_html/wp-includes/class-wp-hook.php(324): rest_api_loaded(Object(WP))
#15 /home/agroswift/public_html/wp-includes/class-wp-hook.php(348): WP_Hook->apply_filters(NULL, Array)
#16 /home/agroswift/public_html/wp-includes/plugin.php(565): WP_Hook->do_action(Array)
#17 /home/agroswift/public_html/wp-includes/class-wp.php(418): do_action_ref_array('parse_request', Array)
#18 /home/agroswift/public_html/wp-includes/class-wp.php(813): WP->parse_request('')
#19 /home/agroswift/public_html/wp-includes/functions.php(1336): WP->main('')
#20 /home/agroswift/public_html/wp-blog-header.php(16): wp()
#21 /home/agroswift/public_html/index.php(17): require('/home/agroswift...')
#22 {main}
  thrown in /home/agroswift/public_html/wp-content/plugins/gosmtp/init.php on line 120

