2025-04-03T01:32:48+00:00 CRITICAL Uncaught Error: Failed opening required '/home/agroswift/public_html/wp-includes/PHPMailer/PHPMailer.php' (include_path='.:/opt/cpanel/ea-php81/root/usr/share/pear') in /home/agroswift/public_html/wp-content/plugins/gosmtp/init.php:120
Stack trace:
#0 /home/agroswift/public_html/wp-includes/class-wp-hook.php(324): gosmtp_load_phpmailer(Array)
#1 /home/agroswift/public_html/wp-includes/plugin.php(205): WP_Hook->apply_filters(Array, Array)
#2 /home/agroswift/public_html/wp-includes/pluggable.php(192): apply_filters('wp_mail', Array)
#3 /home/agroswift/public_html/wp-content/plugins/contact-form-7/includes/mail.php(135): wp_mail('rympcetk@oonmai...', 'Of course, he s...', 'Of course, he s...', 'From: <info@agr...', Array)
#4 /home/agroswift/public_html/wp-content/plugins/contact-form-7/includes/mail.php(19): WPCF7_Mail->compose()
#5 /home/agroswift/public_html/wp-content/plugins/contact-form-7/includes/submission.php(474): WPCF7_Mail::send(Array, 'mail')
#6 /home/agroswift/public_html/wp-content/plugins/contact-form-7/includes/submission.php(92): WPCF7_Submission->mail()
#7 /home/agroswift/public_html/wp-content/plugins/contact-form-7/includes/submission.php(24): WPCF7_Submission->proceed()
#8 /home/agroswift/public_html/wp-content/plugins/contact-form-7/includes/contact-form.php(763): WPCF7_Submission::get_instance(Object(WPCF7_ContactForm), Array)
#9 /home/agroswift/public_html/wp-content/plugins/contact-form-7/includes/rest-api.php(321): WPCF7_ContactForm->submit()
#10 /home/agroswift/public_html/wp-includes/rest-api/class-wp-rest-server.php(1230): wpcf7_rest_create_feedback(Object(WP_REST_Request))
#11 /home/agroswift/public_html/wp-includes/rest-api/class-wp-rest-server.php(1063): WP_REST_Server->respond_to_request(Object(WP_REST_Request), '/contact-form-7...', Array, NULL)
#12 /home/agroswift/public_html/wp-includes/rest-api/class-wp-rest-server.php(439): WP_REST_Server->dispatch(Object(WP_REST_Request))
#13 /home/agroswift/public_html/wp-includes/rest-api.php(428): WP_REST_Server->serve_request('/contact-form-7...')
#14 /home/agroswift/public_html/wp-includes/class-wp-hook.php(324): rest_api_loaded(Object(WP))
#15 /home/agroswift/public_html/wp-includes/class-wp-hook.php(348): WP_Hook->apply_filters(NULL, Array)
#16 /home/agroswift/public_html/wp-includes/plugin.php(565): WP_Hook->do_action(Array)
#17 /home/agroswift/public_html/wp-includes/class-wp.php(418): do_action_ref_array('parse_request', Array)
#18 /home/agroswift/public_html/wp-includes/class-wp.php(813): WP->parse_request('')
#19 /home/agroswift/public_html/wp-includes/functions.php(1336): WP->main('')
#20 /home/agroswift/public_html/wp-blog-header.php(16): wp()
#21 /home/agroswift/public_html/index.php(17): require('/home/agroswift...')
#22 {main}
  thrown in /home/agroswift/public_html/wp-content/plugins/gosmtp/init.php on line 120

2025-04-03T04:05:09+00:00 CRITICAL Uncaught Error: Failed opening required '/home/agroswift/public_html/wp-includes/PHPMailer/PHPMailer.php' (include_path='.:/opt/cpanel/ea-php81/root/usr/share/pear') in /home/agroswift/public_html/wp-content/plugins/gosmtp/init.php:120
Stack trace:
#0 /home/agroswift/public_html/wp-includes/class-wp-hook.php(324): gosmtp_load_phpmailer(Array)
#1 /home/agroswift/public_html/wp-includes/plugin.php(205): WP_Hook->apply_filters(Array, Array)
#2 /home/agroswift/public_html/wp-includes/pluggable.php(192): apply_filters('wp_mail', Array)
#3 /home/agroswift/public_html/wp-content/plugins/contact-form-7/includes/mail.php(135): wp_mail('jhmkbxyd@mailkv...', '\xE2\x80\x98For the publ...', '\xE2\x80\x98For the publ...', 'From: <info@agr...', Array)
#4 /home/agroswift/public_html/wp-content/plugins/contact-form-7/includes/mail.php(19): WPCF7_Mail->compose()
#5 /home/agroswift/public_html/wp-content/plugins/contact-form-7/includes/submission.php(474): WPCF7_Mail::send(Array, 'mail')
#6 /home/agroswift/public_html/wp-content/plugins/contact-form-7/includes/submission.php(92): WPCF7_Submission->mail()
#7 /home/agroswift/public_html/wp-content/plugins/contact-form-7/includes/submission.php(24): WPCF7_Submission->proceed()
#8 /home/agroswift/public_html/wp-content/plugins/contact-form-7/includes/contact-form.php(763): WPCF7_Submission::get_instance(Object(WPCF7_ContactForm), Array)
#9 /home/agroswift/public_html/wp-content/plugins/contact-form-7/includes/rest-api.php(321): WPCF7_ContactForm->submit()
#10 /home/agroswift/public_html/wp-includes/rest-api/class-wp-rest-server.php(1230): wpcf7_rest_create_feedback(Object(WP_REST_Request))
#11 /home/agroswift/public_html/wp-includes/rest-api/class-wp-rest-server.php(1063): WP_REST_Server->respond_to_request(Object(WP_REST_Request), '/contact-form-7...', Array, NULL)
#12 /home/agroswift/public_html/wp-includes/rest-api/class-wp-rest-server.php(439): WP_REST_Server->dispatch(Object(WP_REST_Request))
#13 /home/agroswift/public_html/wp-includes/rest-api.php(428): WP_REST_Server->serve_request('/contact-form-7...')
#14 /home/agroswift/public_html/wp-includes/class-wp-hook.php(324): rest_api_loaded(Object(WP))
#15 /home/agroswift/public_html/wp-includes/class-wp-hook.php(348): WP_Hook->apply_filters(NULL, Array)
#16 /home/agroswift/public_html/wp-includes/plugin.php(565): WP_Hook->do_action(Array)
#17 /home/agroswift/public_html/wp-includes/class-wp.php(418): do_action_ref_array('parse_request', Array)
#18 /home/agroswift/public_html/wp-includes/class-wp.php(813): WP->parse_request('')
#19 /home/agroswift/public_html/wp-includes/functions.php(1336): WP->main('')
#20 /home/agroswift/public_html/wp-blog-header.php(16): wp()
#21 /home/agroswift/public_html/index.php(17): require('/home/agroswift...')
#22 {main}
  thrown in /home/agroswift/public_html/wp-content/plugins/gosmtp/init.php on line 120

2025-04-03T04:12:33+00:00 CRITICAL Uncaught Error: Failed opening required '/home/agroswift/public_html/wp-includes/PHPMailer/PHPMailer.php' (include_path='.:/opt/cpanel/ea-php81/root/usr/share/pear') in /home/agroswift/public_html/wp-content/plugins/gosmtp/init.php:120
Stack trace:
#0 /home/agroswift/public_html/wp-includes/class-wp-hook.php(324): gosmtp_load_phpmailer(Array)
#1 /home/agroswift/public_html/wp-includes/plugin.php(205): WP_Hook->apply_filters(Array, Array)
#2 /home/agroswift/public_html/wp-includes/pluggable.php(192): apply_filters('wp_mail', Array)
#3 /home/agroswift/public_html/wp-content/plugins/contact-form-7/includes/mail.php(135): wp_mail('uwzbhrml@maillv...', 'Iceberg flotill...', 'Iceberg flotill...', 'From: <info@agr...', Array)
#4 /home/agroswift/public_html/wp-content/plugins/contact-form-7/includes/mail.php(19): WPCF7_Mail->compose()
#5 /home/agroswift/public_html/wp-content/plugins/contact-form-7/includes/submission.php(474): WPCF7_Mail::send(Array, 'mail')
#6 /home/agroswift/public_html/wp-content/plugins/contact-form-7/includes/submission.php(92): WPCF7_Submission->mail()
#7 /home/agroswift/public_html/wp-content/plugins/contact-form-7/includes/submission.php(24): WPCF7_Submission->proceed()
#8 /home/agroswift/public_html/wp-content/plugins/contact-form-7/includes/contact-form.php(763): WPCF7_Submission::get_instance(Object(WPCF7_ContactForm), Array)
#9 /home/agroswift/public_html/wp-content/plugins/contact-form-7/includes/rest-api.php(321): WPCF7_ContactForm->submit()
#10 /home/agroswift/public_html/wp-includes/rest-api/class-wp-rest-server.php(1230): wpcf7_rest_create_feedback(Object(WP_REST_Request))
#11 /home/agroswift/public_html/wp-includes/rest-api/class-wp-rest-server.php(1063): WP_REST_Server->respond_to_request(Object(WP_REST_Request), '/contact-form-7...', Array, NULL)
#12 /home/agroswift/public_html/wp-includes/rest-api/class-wp-rest-server.php(439): WP_REST_Server->dispatch(Object(WP_REST_Request))
#13 /home/agroswift/public_html/wp-includes/rest-api.php(428): WP_REST_Server->serve_request('/contact-form-7...')
#14 /home/agroswift/public_html/wp-includes/class-wp-hook.php(324): rest_api_loaded(Object(WP))
#15 /home/agroswift/public_html/wp-includes/class-wp-hook.php(348): WP_Hook->apply_filters(NULL, Array)
#16 /home/agroswift/public_html/wp-includes/plugin.php(565): WP_Hook->do_action(Array)
#17 /home/agroswift/public_html/wp-includes/class-wp.php(418): do_action_ref_array('parse_request', Array)
#18 /home/agroswift/public_html/wp-includes/class-wp.php(813): WP->parse_request('')
#19 /home/agroswift/public_html/wp-includes/functions.php(1336): WP->main('')
#20 /home/agroswift/public_html/wp-blog-header.php(16): wp()
#21 /home/agroswift/public_html/index.php(17): require('/home/agroswift...')
#22 {main}
  thrown in /home/agroswift/public_html/wp-content/plugins/gosmtp/init.php on line 120

2025-04-03T05:19:38+00:00 CRITICAL Uncaught Error: Failed opening required '/home/agroswift/public_html/wp-includes/PHPMailer/PHPMailer.php' (include_path='.:/opt/cpanel/ea-php81/root/usr/share/pear') in /home/agroswift/public_html/wp-content/plugins/gosmtp/init.php:120
Stack trace:
#0 /home/agroswift/public_html/wp-includes/class-wp-hook.php(324): gosmtp_load_phpmailer(Array)
#1 /home/agroswift/public_html/wp-includes/plugin.php(205): WP_Hook->apply_filters(Array, Array)
#2 /home/agroswift/public_html/wp-includes/pluggable.php(192): apply_filters('wp_mail', Array)
#3 /home/agroswift/public_html/wp-content/plugins/contact-form-7/includes/mail.php(135): wp_mail('david.lin.e.sm....', 'Creating an eff...', 'Creating an eff...', 'From: <info@agr...', Array)
#4 /home/agroswift/public_html/wp-content/plugins/contact-form-7/includes/mail.php(19): WPCF7_Mail->compose()
#5 /home/agroswift/public_html/wp-content/plugins/contact-form-7/includes/submission.php(474): WPCF7_Mail::send(Array, 'mail')
#6 /home/agroswift/public_html/wp-content/plugins/contact-form-7/includes/submission.php(92): WPCF7_Submission->mail()
#7 /home/agroswift/public_html/wp-content/plugins/contact-form-7/includes/submission.php(24): WPCF7_Submission->proceed()
#8 /home/agroswift/public_html/wp-content/plugins/contact-form-7/includes/contact-form.php(763): WPCF7_Submission::get_instance(Object(WPCF7_ContactForm), Array)
#9 /home/agroswift/public_html/wp-content/plugins/contact-form-7/includes/rest-api.php(321): WPCF7_ContactForm->submit()
#10 /home/agroswift/public_html/wp-includes/rest-api/class-wp-rest-server.php(1230): wpcf7_rest_create_feedback(Object(WP_REST_Request))
#11 /home/agroswift/public_html/wp-includes/rest-api/class-wp-rest-server.php(1063): WP_REST_Server->respond_to_request(Object(WP_REST_Request), '/contact-form-7...', Array, NULL)
#12 /home/agroswift/public_html/wp-includes/rest-api/class-wp-rest-server.php(439): WP_REST_Server->dispatch(Object(WP_REST_Request))
#13 /home/agroswift/public_html/wp-includes/rest-api.php(428): WP_REST_Server->serve_request('/contact-form-7...')
#14 /home/agroswift/public_html/wp-includes/class-wp-hook.php(324): rest_api_loaded(Object(WP))
#15 /home/agroswift/public_html/wp-includes/class-wp-hook.php(348): WP_Hook->apply_filters(NULL, Array)
#16 /home/agroswift/public_html/wp-includes/plugin.php(565): WP_Hook->do_action(Array)
#17 /home/agroswift/public_html/wp-includes/class-wp.php(418): do_action_ref_array('parse_request', Array)
#18 /home/agroswift/public_html/wp-includes/class-wp.php(813): WP->parse_request('')
#19 /home/agroswift/public_html/wp-includes/functions.php(1336): WP->main('')
#20 /home/agroswift/public_html/wp-blog-header.php(16): wp()
#21 /home/agroswift/public_html/index.php(17): require('/home/agroswift...')
#22 {main}
  thrown in /home/agroswift/public_html/wp-content/plugins/gosmtp/init.php on line 120

2025-04-03T06:19:51+00:00 CRITICAL Uncaught Error: Failed opening required '/home/agroswift/public_html/wp-includes/PHPMailer/PHPMailer.php' (include_path='.:/opt/cpanel/ea-php81/root/usr/share/pear') in /home/agroswift/public_html/wp-content/plugins/gosmtp/init.php:120
Stack trace:
#0 /home/agroswift/public_html/wp-includes/class-wp-hook.php(324): gosmtp_load_phpmailer(Array)
#1 /home/agroswift/public_html/wp-includes/plugin.php(205): WP_Hook->apply_filters(Array, Array)
#2 /home/agroswift/public_html/wp-includes/pluggable.php(192): apply_filters('wp_mail', Array)
#3 /home/agroswift/public_html/wp-content/plugins/contact-form-7/includes/mail.php(135): wp_mail('rympcetk@oonmai...', 'Of course, he s...', 'Of course, he s...', 'From: <info@agr...', Array)
#4 /home/agroswift/public_html/wp-content/plugins/contact-form-7/includes/mail.php(19): WPCF7_Mail->compose()
#5 /home/agroswift/public_html/wp-content/plugins/contact-form-7/includes/submission.php(474): WPCF7_Mail::send(Array, 'mail')
#6 /home/agroswift/public_html/wp-content/plugins/contact-form-7/includes/submission.php(92): WPCF7_Submission->mail()
#7 /home/agroswift/public_html/wp-content/plugins/contact-form-7/includes/submission.php(24): WPCF7_Submission->proceed()
#8 /home/agroswift/public_html/wp-content/plugins/contact-form-7/includes/contact-form.php(763): WPCF7_Submission::get_instance(Object(WPCF7_ContactForm), Array)
#9 /home/agroswift/public_html/wp-content/plugins/contact-form-7/includes/rest-api.php(321): WPCF7_ContactForm->submit()
#10 /home/agroswift/public_html/wp-includes/rest-api/class-wp-rest-server.php(1230): wpcf7_rest_create_feedback(Object(WP_REST_Request))
#11 /home/agroswift/public_html/wp-includes/rest-api/class-wp-rest-server.php(1063): WP_REST_Server->respond_to_request(Object(WP_REST_Request), '/contact-form-7...', Array, NULL)
#12 /home/agroswift/public_html/wp-includes/rest-api/class-wp-rest-server.php(439): WP_REST_Server->dispatch(Object(WP_REST_Request))
#13 /home/agroswift/public_html/wp-includes/rest-api.php(428): WP_REST_Server->serve_request('/contact-form-7...')
#14 /home/agroswift/public_html/wp-includes/class-wp-hook.php(324): rest_api_loaded(Object(WP))
#15 /home/agroswift/public_html/wp-includes/class-wp-hook.php(348): WP_Hook->apply_filters(NULL, Array)
#16 /home/agroswift/public_html/wp-includes/plugin.php(565): WP_Hook->do_action(Array)
#17 /home/agroswift/public_html/wp-includes/class-wp.php(418): do_action_ref_array('parse_request', Array)
#18 /home/agroswift/public_html/wp-includes/class-wp.php(813): WP->parse_request('')
#19 /home/agroswift/public_html/wp-includes/functions.php(1336): WP->main('')
#20 /home/agroswift/public_html/wp-blog-header.php(16): wp()
#21 /home/agroswift/public_html/index.php(17): require('/home/agroswift...')
#22 {main}
  thrown in /home/agroswift/public_html/wp-content/plugins/gosmtp/init.php on line 120

2025-04-03T06:38:24+00:00 CRITICAL Uncaught Error: Failed opening required '/home/agroswift/public_html/wp-includes/PHPMailer/PHPMailer.php' (include_path='.:/opt/cpanel/ea-php81/root/usr/share/pear') in /home/agroswift/public_html/wp-content/plugins/gosmtp/init.php:120
Stack trace:
#0 /home/agroswift/public_html/wp-includes/class-wp-hook.php(324): gosmtp_load_phpmailer(Array)
#1 /home/agroswift/public_html/wp-includes/plugin.php(205): WP_Hook->apply_filters(Array, Array)
#2 /home/agroswift/public_html/wp-includes/pluggable.php(192): apply_filters('wp_mail', Array)
#3 /home/agroswift/public_html/wp-content/plugins/contact-form-7/includes/mail.php(135): wp_mail('3331@loves-ltd....', 'Recomendo o jog...', 'Recomendo o jog...', 'From: <info@agr...', Array)
#4 /home/agroswift/public_html/wp-content/plugins/contact-form-7/includes/mail.php(19): WPCF7_Mail->compose()
#5 /home/agroswift/public_html/wp-content/plugins/contact-form-7/includes/submission.php(474): WPCF7_Mail::send(Array, 'mail')
#6 /home/agroswift/public_html/wp-content/plugins/contact-form-7/includes/submission.php(92): WPCF7_Submission->mail()
#7 /home/agroswift/public_html/wp-content/plugins/contact-form-7/includes/submission.php(24): WPCF7_Submission->proceed()
#8 /home/agroswift/public_html/wp-content/plugins/contact-form-7/includes/contact-form.php(763): WPCF7_Submission::get_instance(Object(WPCF7_ContactForm), Array)
#9 /home/agroswift/public_html/wp-content/plugins/contact-form-7/includes/rest-api.php(321): WPCF7_ContactForm->submit()
#10 /home/agroswift/public_html/wp-includes/rest-api/class-wp-rest-server.php(1230): wpcf7_rest_create_feedback(Object(WP_REST_Request))
#11 /home/agroswift/public_html/wp-includes/rest-api/class-wp-rest-server.php(1063): WP_REST_Server->respond_to_request(Object(WP_REST_Request), '/contact-form-7...', Array, NULL)
#12 /home/agroswift/public_html/wp-includes/rest-api/class-wp-rest-server.php(439): WP_REST_Server->dispatch(Object(WP_REST_Request))
#13 /home/agroswift/public_html/wp-includes/rest-api.php(428): WP_REST_Server->serve_request('/contact-form-7...')
#14 /home/agroswift/public_html/wp-includes/class-wp-hook.php(324): rest_api_loaded(Object(WP))
#15 /home/agroswift/public_html/wp-includes/class-wp-hook.php(348): WP_Hook->apply_filters(NULL, Array)
#16 /home/agroswift/public_html/wp-includes/plugin.php(565): WP_Hook->do_action(Array)
#17 /home/agroswift/public_html/wp-includes/class-wp.php(418): do_action_ref_array('parse_request', Array)
#18 /home/agroswift/public_html/wp-includes/class-wp.php(813): WP->parse_request('')
#19 /home/agroswift/public_html/wp-includes/functions.php(1336): WP->main('')
#20 /home/agroswift/public_html/wp-blog-header.php(16): wp()
#21 /home/agroswift/public_html/index.php(17): require('/home/agroswift...')
#22 {main}
  thrown in /home/agroswift/public_html/wp-content/plugins/gosmtp/init.php on line 120

2025-04-03T07:52:37+00:00 CRITICAL Uncaught Error: Failed opening required '/home/agroswift/public_html/wp-includes/PHPMailer/PHPMailer.php' (include_path='.:/opt/cpanel/ea-php81/root/usr/share/pear') in /home/agroswift/public_html/wp-content/plugins/gosmtp/init.php:120
Stack trace:
#0 /home/agroswift/public_html/wp-includes/class-wp-hook.php(324): gosmtp_load_phpmailer(Array)
#1 /home/agroswift/public_html/wp-includes/plugin.php(205): WP_Hook->apply_filters(Array, Array)
#2 /home/agroswift/public_html/wp-includes/pluggable.php(192): apply_filters('wp_mail', Array)
#3 /home/agroswift/public_html/wp-content/plugins/contact-form-7/includes/mail.php(135): wp_mail('mkcinhtb@oonmai...', 'Why there\xE2\x80\x99s a...', 'Why there\xE2\x80\x99s a...', 'From: <info@agr...', Array)
#4 /home/agroswift/public_html/wp-content/plugins/contact-form-7/includes/mail.php(19): WPCF7_Mail->compose()
#5 /home/agroswift/public_html/wp-content/plugins/contact-form-7/includes/submission.php(474): WPCF7_Mail::send(Array, 'mail')
#6 /home/agroswift/public_html/wp-content/plugins/contact-form-7/includes/submission.php(92): WPCF7_Submission->mail()
#7 /home/agroswift/public_html/wp-content/plugins/contact-form-7/includes/submission.php(24): WPCF7_Submission->proceed()
#8 /home/agroswift/public_html/wp-content/plugins/contact-form-7/includes/contact-form.php(763): WPCF7_Submission::get_instance(Object(WPCF7_ContactForm), Array)
#9 /home/agroswift/public_html/wp-content/plugins/contact-form-7/includes/rest-api.php(321): WPCF7_ContactForm->submit()
#10 /home/agroswift/public_html/wp-includes/rest-api/class-wp-rest-server.php(1230): wpcf7_rest_create_feedback(Object(WP_REST_Request))
#11 /home/agroswift/public_html/wp-includes/rest-api/class-wp-rest-server.php(1063): WP_REST_Server->respond_to_request(Object(WP_REST_Request), '/contact-form-7...', Array, NULL)
#12 /home/agroswift/public_html/wp-includes/rest-api/class-wp-rest-server.php(439): WP_REST_Server->dispatch(Object(WP_REST_Request))
#13 /home/agroswift/public_html/wp-includes/rest-api.php(428): WP_REST_Server->serve_request('/contact-form-7...')
#14 /home/agroswift/public_html/wp-includes/class-wp-hook.php(324): rest_api_loaded(Object(WP))
#15 /home/agroswift/public_html/wp-includes/class-wp-hook.php(348): WP_Hook->apply_filters(NULL, Array)
#16 /home/agroswift/public_html/wp-includes/plugin.php(565): WP_Hook->do_action(Array)
#17 /home/agroswift/public_html/wp-includes/class-wp.php(418): do_action_ref_array('parse_request', Array)
#18 /home/agroswift/public_html/wp-includes/class-wp.php(813): WP->parse_request('')
#19 /home/agroswift/public_html/wp-includes/functions.php(1336): WP->main('')
#20 /home/agroswift/public_html/wp-blog-header.php(16): wp()
#21 /home/agroswift/public_html/index.php(17): require('/home/agroswift...')
#22 {main}
  thrown in /home/agroswift/public_html/wp-content/plugins/gosmtp/init.php on line 120

2025-04-03T11:04:57+00:00 CRITICAL Uncaught Error: Failed opening required '/home/agroswift/public_html/wp-includes/PHPMailer/PHPMailer.php' (include_path='.:/opt/cpanel/ea-php81/root/usr/share/pear') in /home/agroswift/public_html/wp-content/plugins/gosmtp/init.php:120
Stack trace:
#0 /home/agroswift/public_html/wp-includes/class-wp-hook.php(324): gosmtp_load_phpmailer(Array)
#1 /home/agroswift/public_html/wp-includes/plugin.php(205): WP_Hook->apply_filters(Array, Array)
#2 /home/agroswift/public_html/wp-includes/pluggable.php(192): apply_filters('wp_mail', Array)
#3 /home/agroswift/public_html/wp-content/plugins/contact-form-7/includes/mail.php(135): wp_mail('laxmaase@znemai...', 'New design reve...', 'New design reve...', 'From: <info@agr...', Array)
#4 /home/agroswift/public_html/wp-content/plugins/contact-form-7/includes/mail.php(19): WPCF7_Mail->compose()
#5 /home/agroswift/public_html/wp-content/plugins/contact-form-7/includes/submission.php(474): WPCF7_Mail::send(Array, 'mail')
#6 /home/agroswift/public_html/wp-content/plugins/contact-form-7/includes/submission.php(92): WPCF7_Submission->mail()
#7 /home/agroswift/public_html/wp-content/plugins/contact-form-7/includes/submission.php(24): WPCF7_Submission->proceed()
#8 /home/agroswift/public_html/wp-content/plugins/contact-form-7/includes/contact-form.php(763): WPCF7_Submission::get_instance(Object(WPCF7_ContactForm), Array)
#9 /home/agroswift/public_html/wp-content/plugins/contact-form-7/includes/rest-api.php(321): WPCF7_ContactForm->submit()
#10 /home/agroswift/public_html/wp-includes/rest-api/class-wp-rest-server.php(1230): wpcf7_rest_create_feedback(Object(WP_REST_Request))
#11 /home/agroswift/public_html/wp-includes/rest-api/class-wp-rest-server.php(1063): WP_REST_Server->respond_to_request(Object(WP_REST_Request), '/contact-form-7...', Array, NULL)
#12 /home/agroswift/public_html/wp-includes/rest-api/class-wp-rest-server.php(439): WP_REST_Server->dispatch(Object(WP_REST_Request))
#13 /home/agroswift/public_html/wp-includes/rest-api.php(428): WP_REST_Server->serve_request('/contact-form-7...')
#14 /home/agroswift/public_html/wp-includes/class-wp-hook.php(324): rest_api_loaded(Object(WP))
#15 /home/agroswift/public_html/wp-includes/class-wp-hook.php(348): WP_Hook->apply_filters(NULL, Array)
#16 /home/agroswift/public_html/wp-includes/plugin.php(565): WP_Hook->do_action(Array)
#17 /home/agroswift/public_html/wp-includes/class-wp.php(418): do_action_ref_array('parse_request', Array)
#18 /home/agroswift/public_html/wp-includes/class-wp.php(813): WP->parse_request('')
#19 /home/agroswift/public_html/wp-includes/functions.php(1336): WP->main('')
#20 /home/agroswift/public_html/wp-blog-header.php(16): wp()
#21 /home/agroswift/public_html/index.php(17): require('/home/agroswift...')
#22 {main}
  thrown in /home/agroswift/public_html/wp-content/plugins/gosmtp/init.php on line 120

2025-04-03T11:54:24+00:00 CRITICAL Uncaught Error: Failed opening required '/home/agroswift/public_html/wp-includes/PHPMailer/PHPMailer.php' (include_path='.:/opt/cpanel/ea-php81/root/usr/share/pear') in /home/agroswift/public_html/wp-content/plugins/gosmtp/init.php:120
Stack trace:
#0 /home/agroswift/public_html/wp-includes/class-wp-hook.php(324): gosmtp_load_phpmailer(Array)
#1 /home/agroswift/public_html/wp-includes/plugin.php(205): WP_Hook->apply_filters(Array, Array)
#2 /home/agroswift/public_html/wp-includes/pluggable.php(192): apply_filters('wp_mail', Array)
#3 /home/agroswift/public_html/wp-content/plugins/contact-form-7/includes/mail.php(135): wp_mail('gswlyiom@oonmai...', 'New design reve...', 'New design reve...', 'From: <info@agr...', Array)
#4 /home/agroswift/public_html/wp-content/plugins/contact-form-7/includes/mail.php(19): WPCF7_Mail->compose()
#5 /home/agroswift/public_html/wp-content/plugins/contact-form-7/includes/submission.php(474): WPCF7_Mail::send(Array, 'mail')
#6 /home/agroswift/public_html/wp-content/plugins/contact-form-7/includes/submission.php(92): WPCF7_Submission->mail()
#7 /home/agroswift/public_html/wp-content/plugins/contact-form-7/includes/submission.php(24): WPCF7_Submission->proceed()
#8 /home/agroswift/public_html/wp-content/plugins/contact-form-7/includes/contact-form.php(763): WPCF7_Submission::get_instance(Object(WPCF7_ContactForm), Array)
#9 /home/agroswift/public_html/wp-content/plugins/contact-form-7/includes/rest-api.php(321): WPCF7_ContactForm->submit()
#10 /home/agroswift/public_html/wp-includes/rest-api/class-wp-rest-server.php(1230): wpcf7_rest_create_feedback(Object(WP_REST_Request))
#11 /home/agroswift/public_html/wp-includes/rest-api/class-wp-rest-server.php(1063): WP_REST_Server->respond_to_request(Object(WP_REST_Request), '/contact-form-7...', Array, NULL)
#12 /home/agroswift/public_html/wp-includes/rest-api/class-wp-rest-server.php(439): WP_REST_Server->dispatch(Object(WP_REST_Request))
#13 /home/agroswift/public_html/wp-includes/rest-api.php(428): WP_REST_Server->serve_request('/contact-form-7...')
#14 /home/agroswift/public_html/wp-includes/class-wp-hook.php(324): rest_api_loaded(Object(WP))
#15 /home/agroswift/public_html/wp-includes/class-wp-hook.php(348): WP_Hook->apply_filters(NULL, Array)
#16 /home/agroswift/public_html/wp-includes/plugin.php(565): WP_Hook->do_action(Array)
#17 /home/agroswift/public_html/wp-includes/class-wp.php(418): do_action_ref_array('parse_request', Array)
#18 /home/agroswift/public_html/wp-includes/class-wp.php(813): WP->parse_request('')
#19 /home/agroswift/public_html/wp-includes/functions.php(1336): WP->main('')
#20 /home/agroswift/public_html/wp-blog-header.php(16): wp()
#21 /home/agroswift/public_html/index.php(17): require('/home/agroswift...')
#22 {main}
  thrown in /home/agroswift/public_html/wp-content/plugins/gosmtp/init.php on line 120

2025-04-03T12:25:15+00:00 CRITICAL Uncaught Error: Failed opening required '/home/agroswift/public_html/wp-includes/PHPMailer/PHPMailer.php' (include_path='.:/opt/cpanel/ea-php81/root/usr/share/pear') in /home/agroswift/public_html/wp-content/plugins/gosmtp/init.php:120
Stack trace:
#0 /home/agroswift/public_html/wp-includes/class-wp-hook.php(324): gosmtp_load_phpmailer(Array)
#1 /home/agroswift/public_html/wp-includes/plugin.php(205): WP_Hook->apply_filters(Array, Array)
#2 /home/agroswift/public_html/wp-includes/pluggable.php(192): apply_filters('wp_mail', Array)
#3 /home/agroswift/public_html/wp-content/plugins/contact-form-7/includes/mail.php(135): wp_mail('nasa@meteo.gold', 'https://telegra...', 'https://telegra...', 'From: <info@agr...', Array)
#4 /home/agroswift/public_html/wp-content/plugins/contact-form-7/includes/mail.php(19): WPCF7_Mail->compose()
#5 /home/agroswift/public_html/wp-content/plugins/contact-form-7/includes/submission.php(474): WPCF7_Mail::send(Array, 'mail')
#6 /home/agroswift/public_html/wp-content/plugins/contact-form-7/includes/submission.php(92): WPCF7_Submission->mail()
#7 /home/agroswift/public_html/wp-content/plugins/contact-form-7/includes/submission.php(24): WPCF7_Submission->proceed()
#8 /home/agroswift/public_html/wp-content/plugins/contact-form-7/includes/contact-form.php(763): WPCF7_Submission::get_instance(Object(WPCF7_ContactForm), Array)
#9 /home/agroswift/public_html/wp-content/plugins/contact-form-7/includes/rest-api.php(321): WPCF7_ContactForm->submit()
#10 /home/agroswift/public_html/wp-includes/rest-api/class-wp-rest-server.php(1230): wpcf7_rest_create_feedback(Object(WP_REST_Request))
#11 /home/agroswift/public_html/wp-includes/rest-api/class-wp-rest-server.php(1063): WP_REST_Server->respond_to_request(Object(WP_REST_Request), '/contact-form-7...', Array, NULL)
#12 /home/agroswift/public_html/wp-includes/rest-api/class-wp-rest-server.php(439): WP_REST_Server->dispatch(Object(WP_REST_Request))
#13 /home/agroswift/public_html/wp-includes/rest-api.php(428): WP_REST_Server->serve_request('/contact-form-7...')
#14 /home/agroswift/public_html/wp-includes/class-wp-hook.php(324): rest_api_loaded(Object(WP))
#15 /home/agroswift/public_html/wp-includes/class-wp-hook.php(348): WP_Hook->apply_filters(NULL, Array)
#16 /home/agroswift/public_html/wp-includes/plugin.php(565): WP_Hook->do_action(Array)
#17 /home/agroswift/public_html/wp-includes/class-wp.php(418): do_action_ref_array('parse_request', Array)
#18 /home/agroswift/public_html/wp-includes/class-wp.php(813): WP->parse_request('')
#19 /home/agroswift/public_html/wp-includes/functions.php(1336): WP->main('')
#20 /home/agroswift/public_html/wp-blog-header.php(16): wp()
#21 /home/agroswift/public_html/index.php(17): require('/home/agroswift...')
#22 {main}
  thrown in /home/agroswift/public_html/wp-content/plugins/gosmtp/init.php on line 120

2025-04-03T14:05:32+00:00 CRITICAL Uncaught Error: Failed opening required '/home/agroswift/public_html/wp-includes/PHPMailer/PHPMailer.php' (include_path='.:/opt/cpanel/ea-php81/root/usr/share/pear') in /home/agroswift/public_html/wp-content/plugins/gosmtp/init.php:120
Stack trace:
#0 /home/agroswift/public_html/wp-includes/class-wp-hook.php(324): gosmtp_load_phpmailer(Array)
#1 /home/agroswift/public_html/wp-includes/plugin.php(205): WP_Hook->apply_filters(Array, Array)
#2 /home/agroswift/public_html/wp-includes/pluggable.php(192): apply_filters('wp_mail', Array)
#3 /home/agroswift/public_html/wp-content/plugins/contact-form-7/includes/mail.php(135): wp_mail('2231@loves-ltd....', 'https://telegra...', 'https://telegra...', 'From: <info@agr...', Array)
#4 /home/agroswift/public_html/wp-content/plugins/contact-form-7/includes/mail.php(19): WPCF7_Mail->compose()
#5 /home/agroswift/public_html/wp-content/plugins/contact-form-7/includes/submission.php(474): WPCF7_Mail::send(Array, 'mail')
#6 /home/agroswift/public_html/wp-content/plugins/contact-form-7/includes/submission.php(92): WPCF7_Submission->mail()
#7 /home/agroswift/public_html/wp-content/plugins/contact-form-7/includes/submission.php(24): WPCF7_Submission->proceed()
#8 /home/agroswift/public_html/wp-content/plugins/contact-form-7/includes/contact-form.php(763): WPCF7_Submission::get_instance(Object(WPCF7_ContactForm), Array)
#9 /home/agroswift/public_html/wp-content/plugins/contact-form-7/includes/rest-api.php(321): WPCF7_ContactForm->submit()
#10 /home/agroswift/public_html/wp-includes/rest-api/class-wp-rest-server.php(1230): wpcf7_rest_create_feedback(Object(WP_REST_Request))
#11 /home/agroswift/public_html/wp-includes/rest-api/class-wp-rest-server.php(1063): WP_REST_Server->respond_to_request(Object(WP_REST_Request), '/contact-form-7...', Array, NULL)
#12 /home/agroswift/public_html/wp-includes/rest-api/class-wp-rest-server.php(439): WP_REST_Server->dispatch(Object(WP_REST_Request))
#13 /home/agroswift/public_html/wp-includes/rest-api.php(428): WP_REST_Server->serve_request('/contact-form-7...')
#14 /home/agroswift/public_html/wp-includes/class-wp-hook.php(324): rest_api_loaded(Object(WP))
#15 /home/agroswift/public_html/wp-includes/class-wp-hook.php(348): WP_Hook->apply_filters(NULL, Array)
#16 /home/agroswift/public_html/wp-includes/plugin.php(565): WP_Hook->do_action(Array)
#17 /home/agroswift/public_html/wp-includes/class-wp.php(418): do_action_ref_array('parse_request', Array)
#18 /home/agroswift/public_html/wp-includes/class-wp.php(813): WP->parse_request('')
#19 /home/agroswift/public_html/wp-includes/functions.php(1336): WP->main('')
#20 /home/agroswift/public_html/wp-blog-header.php(16): wp()
#21 /home/agroswift/public_html/index.php(17): require('/home/agroswift...')
#22 {main}
  thrown in /home/agroswift/public_html/wp-content/plugins/gosmtp/init.php on line 120

2025-04-03T16:51:57+00:00 CRITICAL Uncaught Error: Failed opening required '/home/agroswift/public_html/wp-includes/PHPMailer/PHPMailer.php' (include_path='.:/opt/cpanel/ea-php81/root/usr/share/pear') in /home/agroswift/public_html/wp-content/plugins/gosmtp/init.php:120
Stack trace:
#0 /home/agroswift/public_html/wp-includes/class-wp-hook.php(324): gosmtp_load_phpmailer(Array)
#1 /home/agroswift/public_html/wp-includes/plugin.php(205): WP_Hook->apply_filters(Array, Array)
#2 /home/agroswift/public_html/wp-includes/pluggable.php(192): apply_filters('wp_mail', Array)
#3 /home/agroswift/public_html/wp-content/plugins/contact-form-7/includes/mail.php(135): wp_mail('cleantop@lukscl...', '\xD0\xA3\xD1\x81\xD1\x82\xD0\xB0\xD0\xBB\xD0\xB8 \xD0\xBE...', '\xD0\xA3\xD1\x81\xD1\x82\xD0\xB0\xD0\xBB\xD0\xB8 \xD0\xBE...', 'From: <info@agr...', Array)
#4 /home/agroswift/public_html/wp-content/plugins/contact-form-7/includes/mail.php(19): WPCF7_Mail->compose()
#5 /home/agroswift/public_html/wp-content/plugins/contact-form-7/includes/submission.php(474): WPCF7_Mail::send(Array, 'mail')
#6 /home/agroswift/public_html/wp-content/plugins/contact-form-7/includes/submission.php(92): WPCF7_Submission->mail()
#7 /home/agroswift/public_html/wp-content/plugins/contact-form-7/includes/submission.php(24): WPCF7_Submission->proceed()
#8 /home/agroswift/public_html/wp-content/plugins/contact-form-7/includes/contact-form.php(763): WPCF7_Submission::get_instance(Object(WPCF7_ContactForm), Array)
#9 /home/agroswift/public_html/wp-content/plugins/contact-form-7/includes/rest-api.php(321): WPCF7_ContactForm->submit()
#10 /home/agroswift/public_html/wp-includes/rest-api/class-wp-rest-server.php(1230): wpcf7_rest_create_feedback(Object(WP_REST_Request))
#11 /home/agroswift/public_html/wp-includes/rest-api/class-wp-rest-server.php(1063): WP_REST_Server->respond_to_request(Object(WP_REST_Request), '/contact-form-7...', Array, NULL)
#12 /home/agroswift/public_html/wp-includes/rest-api/class-wp-rest-server.php(439): WP_REST_Server->dispatch(Object(WP_REST_Request))
#13 /home/agroswift/public_html/wp-includes/rest-api.php(428): WP_REST_Server->serve_request('/contact-form-7...')
#14 /home/agroswift/public_html/wp-includes/class-wp-hook.php(324): rest_api_loaded(Object(WP))
#15 /home/agroswift/public_html/wp-includes/class-wp-hook.php(348): WP_Hook->apply_filters(NULL, Array)
#16 /home/agroswift/public_html/wp-includes/plugin.php(565): WP_Hook->do_action(Array)
#17 /home/agroswift/public_html/wp-includes/class-wp.php(418): do_action_ref_array('parse_request', Array)
#18 /home/agroswift/public_html/wp-includes/class-wp.php(813): WP->parse_request('')
#19 /home/agroswift/public_html/wp-includes/functions.php(1336): WP->main('')
#20 /home/agroswift/public_html/wp-blog-header.php(16): wp()
#21 /home/agroswift/public_html/index.php(17): require('/home/agroswift...')
#22 {main}
  thrown in /home/agroswift/public_html/wp-content/plugins/gosmtp/init.php on line 120

2025-04-03T17:55:04+00:00 CRITICAL Uncaught Error: Failed opening required '/home/agroswift/public_html/wp-includes/PHPMailer/PHPMailer.php' (include_path='.:/opt/cpanel/ea-php81/root/usr/share/pear') in /home/agroswift/public_html/wp-content/plugins/gosmtp/init.php:120
Stack trace:
#0 /home/agroswift/public_html/wp-includes/class-wp-hook.php(324): gosmtp_load_phpmailer(Array)
#1 /home/agroswift/public_html/wp-includes/plugin.php(205): WP_Hook->apply_filters(Array, Array)
#2 /home/agroswift/public_html/wp-includes/pluggable.php(192): apply_filters('wp_mail', Array)
#3 /home/agroswift/public_html/wp-content/plugins/contact-form-7/includes/mail.php(135): wp_mail('kozlovvarlen197...', 'BEMATRIX 24 htt...', 'BEMATRIX 24 htt...', 'From: <info@agr...', Array)
#4 /home/agroswift/public_html/wp-content/plugins/contact-form-7/includes/mail.php(19): WPCF7_Mail->compose()
#5 /home/agroswift/public_html/wp-content/plugins/contact-form-7/includes/submission.php(474): WPCF7_Mail::send(Array, 'mail')
#6 /home/agroswift/public_html/wp-content/plugins/contact-form-7/includes/submission.php(92): WPCF7_Submission->mail()
#7 /home/agroswift/public_html/wp-content/plugins/contact-form-7/includes/submission.php(24): WPCF7_Submission->proceed()
#8 /home/agroswift/public_html/wp-content/plugins/contact-form-7/includes/contact-form.php(763): WPCF7_Submission::get_instance(Object(WPCF7_ContactForm), Array)
#9 /home/agroswift/public_html/wp-content/plugins/contact-form-7/includes/rest-api.php(321): WPCF7_ContactForm->submit()
#10 /home/agroswift/public_html/wp-includes/rest-api/class-wp-rest-server.php(1230): wpcf7_rest_create_feedback(Object(WP_REST_Request))
#11 /home/agroswift/public_html/wp-includes/rest-api/class-wp-rest-server.php(1063): WP_REST_Server->respond_to_request(Object(WP_REST_Request), '/contact-form-7...', Array, NULL)
#12 /home/agroswift/public_html/wp-includes/rest-api/class-wp-rest-server.php(439): WP_REST_Server->dispatch(Object(WP_REST_Request))
#13 /home/agroswift/public_html/wp-includes/rest-api.php(428): WP_REST_Server->serve_request('/contact-form-7...')
#14 /home/agroswift/public_html/wp-includes/class-wp-hook.php(324): rest_api_loaded(Object(WP))
#15 /home/agroswift/public_html/wp-includes/class-wp-hook.php(348): WP_Hook->apply_filters(NULL, Array)
#16 /home/agroswift/public_html/wp-includes/plugin.php(565): WP_Hook->do_action(Array)
#17 /home/agroswift/public_html/wp-includes/class-wp.php(418): do_action_ref_array('parse_request', Array)
#18 /home/agroswift/public_html/wp-includes/class-wp.php(813): WP->parse_request('')
#19 /home/agroswift/public_html/wp-includes/functions.php(1336): WP->main('')
#20 /home/agroswift/public_html/wp-blog-header.php(16): wp()
#21 /home/agroswift/public_html/index.php(17): require('/home/agroswift...')
#22 {main}
  thrown in /home/agroswift/public_html/wp-content/plugins/gosmtp/init.php on line 120

2025-04-03T18:20:41+00:00 CRITICAL Uncaught Error: Failed opening required '/home/agroswift/public_html/wp-includes/PHPMailer/PHPMailer.php' (include_path='.:/opt/cpanel/ea-php81/root/usr/share/pear') in /home/agroswift/public_html/wp-content/plugins/gosmtp/init.php:120
Stack trace:
#0 /home/agroswift/public_html/wp-includes/class-wp-hook.php(324): gosmtp_load_phpmailer(Array)
#1 /home/agroswift/public_html/wp-includes/plugin.php(205): WP_Hook->apply_filters(Array, Array)
#2 /home/agroswift/public_html/wp-includes/pluggable.php(192): apply_filters('wp_mail', Array)
#3 /home/agroswift/public_html/wp-content/plugins/contact-form-7/includes/mail.php(135): wp_mail('justine@apacheo...', 'Knowing the Imp...', 'Knowing the Imp...', 'From: <info@agr...', Array)
#4 /home/agroswift/public_html/wp-content/plugins/contact-form-7/includes/mail.php(19): WPCF7_Mail->compose()
#5 /home/agroswift/public_html/wp-content/plugins/contact-form-7/includes/submission.php(474): WPCF7_Mail::send(Array, 'mail')
#6 /home/agroswift/public_html/wp-content/plugins/contact-form-7/includes/submission.php(92): WPCF7_Submission->mail()
#7 /home/agroswift/public_html/wp-content/plugins/contact-form-7/includes/submission.php(24): WPCF7_Submission->proceed()
#8 /home/agroswift/public_html/wp-content/plugins/contact-form-7/includes/contact-form.php(763): WPCF7_Submission::get_instance(Object(WPCF7_ContactForm), Array)
#9 /home/agroswift/public_html/wp-content/plugins/contact-form-7/includes/rest-api.php(321): WPCF7_ContactForm->submit()
#10 /home/agroswift/public_html/wp-includes/rest-api/class-wp-rest-server.php(1230): wpcf7_rest_create_feedback(Object(WP_REST_Request))
#11 /home/agroswift/public_html/wp-includes/rest-api/class-wp-rest-server.php(1063): WP_REST_Server->respond_to_request(Object(WP_REST_Request), '/contact-form-7...', Array, NULL)
#12 /home/agroswift/public_html/wp-includes/rest-api/class-wp-rest-server.php(439): WP_REST_Server->dispatch(Object(WP_REST_Request))
#13 /home/agroswift/public_html/wp-includes/rest-api.php(428): WP_REST_Server->serve_request('/contact-form-7...')
#14 /home/agroswift/public_html/wp-includes/class-wp-hook.php(324): rest_api_loaded(Object(WP))
#15 /home/agroswift/public_html/wp-includes/class-wp-hook.php(348): WP_Hook->apply_filters(NULL, Array)
#16 /home/agroswift/public_html/wp-includes/plugin.php(565): WP_Hook->do_action(Array)
#17 /home/agroswift/public_html/wp-includes/class-wp.php(418): do_action_ref_array('parse_request', Array)
#18 /home/agroswift/public_html/wp-includes/class-wp.php(813): WP->parse_request('')
#19 /home/agroswift/public_html/wp-includes/functions.php(1336): WP->main('')
#20 /home/agroswift/public_html/wp-blog-header.php(16): wp()
#21 /home/agroswift/public_html/index.php(17): require('/home/agroswift...')
#22 {main}
  thrown in /home/agroswift/public_html/wp-content/plugins/gosmtp/init.php on line 120

2025-04-03T22:23:46+00:00 CRITICAL Uncaught Error: Failed opening required '/home/agroswift/public_html/wp-includes/PHPMailer/PHPMailer.php' (include_path='.:/opt/cpanel/ea-php81/root/usr/share/pear') in /home/agroswift/public_html/wp-content/plugins/gosmtp/init.php:120
Stack trace:
#0 /home/agroswift/public_html/wp-includes/class-wp-hook.php(324): gosmtp_load_phpmailer(Array)
#1 /home/agroswift/public_html/wp-includes/plugin.php(205): WP_Hook->apply_filters(Array, Array)
#2 /home/agroswift/public_html/wp-includes/pluggable.php(192): apply_filters('wp_mail', Array)
#3 /home/agroswift/public_html/wp-content/plugins/contact-form-7/includes/mail.php(135): wp_mail('conkapww@znemai...', 'Tyler O\xE2\x80\x99Neill...', 'Tyler O\xE2\x80\x99Neill...', 'From: <info@agr...', Array)
#4 /home/agroswift/public_html/wp-content/plugins/contact-form-7/includes/mail.php(19): WPCF7_Mail->compose()
#5 /home/agroswift/public_html/wp-content/plugins/contact-form-7/includes/submission.php(474): WPCF7_Mail::send(Array, 'mail')
#6 /home/agroswift/public_html/wp-content/plugins/contact-form-7/includes/submission.php(92): WPCF7_Submission->mail()
#7 /home/agroswift/public_html/wp-content/plugins/contact-form-7/includes/submission.php(24): WPCF7_Submission->proceed()
#8 /home/agroswift/public_html/wp-content/plugins/contact-form-7/includes/contact-form.php(763): WPCF7_Submission::get_instance(Object(WPCF7_ContactForm), Array)
#9 /home/agroswift/public_html/wp-content/plugins/contact-form-7/includes/rest-api.php(321): WPCF7_ContactForm->submit()
#10 /home/agroswift/public_html/wp-includes/rest-api/class-wp-rest-server.php(1230): wpcf7_rest_create_feedback(Object(WP_REST_Request))
#11 /home/agroswift/public_html/wp-includes/rest-api/class-wp-rest-server.php(1063): WP_REST_Server->respond_to_request(Object(WP_REST_Request), '/contact-form-7...', Array, NULL)
#12 /home/agroswift/public_html/wp-includes/rest-api/class-wp-rest-server.php(439): WP_REST_Server->dispatch(Object(WP_REST_Request))
#13 /home/agroswift/public_html/wp-includes/rest-api.php(428): WP_REST_Server->serve_request('/contact-form-7...')
#14 /home/agroswift/public_html/wp-includes/class-wp-hook.php(324): rest_api_loaded(Object(WP))
#15 /home/agroswift/public_html/wp-includes/class-wp-hook.php(348): WP_Hook->apply_filters(NULL, Array)
#16 /home/agroswift/public_html/wp-includes/plugin.php(565): WP_Hook->do_action(Array)
#17 /home/agroswift/public_html/wp-includes/class-wp.php(418): do_action_ref_array('parse_request', Array)
#18 /home/agroswift/public_html/wp-includes/class-wp.php(813): WP->parse_request('')
#19 /home/agroswift/public_html/wp-includes/functions.php(1336): WP->main('')
#20 /home/agroswift/public_html/wp-blog-header.php(16): wp()
#21 /home/agroswift/public_html/index.php(17): require('/home/agroswift...')
#22 {main}
  thrown in /home/agroswift/public_html/wp-content/plugins/gosmtp/init.php on line 120

