2025-12-10T16:18:45+00:00 CRITICAL Uncaught TypeError: call_user_func_array(): Argument #1 ($callback) must be a valid callback, class "Automattic\Jetpack\Assets\Script_Data" not found in /home/agroswift/public_html/wp-includes/class-wp-hook.php:324
Stack trace:
#0 /home/agroswift/public_html/wp-includes/class-wp-hook.php(348): WP_Hook->apply_filters(NULL, Array)
#1 /home/agroswift/public_html/wp-includes/plugin.php(517): WP_Hook->do_action(Array)
#2 /home/agroswift/public_html/wp-settings.php(550): do_action('plugins_loaded')
#3 /home/agroswift/public_html/wp-config.php(97): require_once('/home/agroswift...')
#4 /home/agroswift/public_html/wp-load.php(50): require_once('/home/agroswift...')
#5 /home/agroswift/public_html/wp-admin/admin-ajax.php(22): require_once('/home/agroswift...')
#6 {main}
  thrown in /home/agroswift/public_html/wp-includes/class-wp-hook.php on line 324

2025-12-10T16:19:46+00:00 CRITICAL Uncaught TypeError: call_user_func_array(): Argument #1 ($callback) must be a valid callback, class "Automattic\Jetpack\Assets\Script_Data" not found in /home/agroswift/public_html/wp-includes/class-wp-hook.php:324
Stack trace:
#0 /home/agroswift/public_html/wp-includes/class-wp-hook.php(348): WP_Hook->apply_filters(NULL, Array)
#1 /home/agroswift/public_html/wp-includes/plugin.php(517): WP_Hook->do_action(Array)
#2 /home/agroswift/public_html/wp-settings.php(550): do_action('plugins_loaded')
#3 /home/agroswift/public_html/wp-config.php(97): require_once('/home/agroswift...')
#4 /home/agroswift/public_html/wp-load.php(50): require_once('/home/agroswift...')
#5 /home/agroswift/public_html/wp-admin/admin-ajax.php(22): require_once('/home/agroswift...')
#6 {main}
  thrown in /home/agroswift/public_html/wp-includes/class-wp-hook.php on line 324

2025-12-10T16:20:13+00:00 CRITICAL Uncaught TypeError: call_user_func_array(): Argument #1 ($callback) must be a valid callback, class "Automattic\Jetpack\Assets\Script_Data" not found in /home/agroswift/public_html/wp-includes/class-wp-hook.php:324
Stack trace:
#0 /home/agroswift/public_html/wp-includes/class-wp-hook.php(348): WP_Hook->apply_filters(NULL, Array)
#1 /home/agroswift/public_html/wp-includes/plugin.php(517): WP_Hook->do_action(Array)
#2 /home/agroswift/public_html/wp-settings.php(550): do_action('plugins_loaded')
#3 /home/agroswift/public_html/wp-config.php(97): require_once('/home/agroswift...')
#4 /home/agroswift/public_html/wp-load.php(50): require_once('/home/agroswift...')
#5 /home/agroswift/public_html/wp-admin/admin-ajax.php(22): require_once('/home/agroswift...')
#6 {main}
  thrown in /home/agroswift/public_html/wp-includes/class-wp-hook.php on line 324

2025-12-10T16:20:13+00:00 CRITICAL Uncaught TypeError: call_user_func_array(): Argument #1 ($callback) must be a valid callback, class "Automattic\Jetpack\Assets\Script_Data" not found in /home/agroswift/public_html/wp-includes/class-wp-hook.php:324
Stack trace:
#0 /home/agroswift/public_html/wp-includes/class-wp-hook.php(348): WP_Hook->apply_filters(NULL, Array)
#1 /home/agroswift/public_html/wp-includes/plugin.php(517): WP_Hook->do_action(Array)
#2 /home/agroswift/public_html/wp-settings.php(550): do_action('plugins_loaded')
#3 /home/agroswift/public_html/wp-config.php(97): require_once('/home/agroswift...')
#4 /home/agroswift/public_html/wp-load.php(50): require_once('/home/agroswift...')
#5 /home/agroswift/public_html/wp-admin/admin-ajax.php(22): require_once('/home/agroswift...')
#6 {main}
  thrown in /home/agroswift/public_html/wp-includes/class-wp-hook.php on line 324

2025-12-10T16:20:14+00:00 CRITICAL Uncaught TypeError: call_user_func_array(): Argument #1 ($callback) must be a valid callback, class "Automattic\Jetpack\Assets\Script_Data" not found in /home/agroswift/public_html/wp-includes/class-wp-hook.php:324
Stack trace:
#0 /home/agroswift/public_html/wp-includes/class-wp-hook.php(348): WP_Hook->apply_filters(NULL, Array)
#1 /home/agroswift/public_html/wp-includes/plugin.php(517): WP_Hook->do_action(Array)
#2 /home/agroswift/public_html/wp-settings.php(550): do_action('plugins_loaded')
#3 /home/agroswift/public_html/wp-config.php(97): require_once('/home/agroswift...')
#4 /home/agroswift/public_html/wp-load.php(50): require_once('/home/agroswift...')
#5 /home/agroswift/public_html/wp-admin/admin-ajax.php(22): require_once('/home/agroswift...')
#6 {main}
  thrown in /home/agroswift/public_html/wp-includes/class-wp-hook.php on line 324

2025-12-10T16:20:18+00:00 CRITICAL Uncaught TypeError: call_user_func_array(): Argument #1 ($callback) must be a valid callback, class "Automattic\Jetpack\Assets\Script_Data" not found in /home/agroswift/public_html/wp-includes/class-wp-hook.php:324
Stack trace:
#0 /home/agroswift/public_html/wp-includes/class-wp-hook.php(348): WP_Hook->apply_filters(NULL, Array)
#1 /home/agroswift/public_html/wp-includes/plugin.php(517): WP_Hook->do_action(Array)
#2 /home/agroswift/public_html/wp-settings.php(550): do_action('plugins_loaded')
#3 /home/agroswift/public_html/wp-config.php(97): require_once('/home/agroswift...')
#4 /home/agroswift/public_html/wp-load.php(50): require_once('/home/agroswift...')
#5 /home/agroswift/public_html/wp-admin/admin.php(34): require_once('/home/agroswift...')
#6 /home/agroswift/public_html/wp-admin/plugins.php(10): require_once('/home/agroswift...')
#7 {main}
  thrown in /home/agroswift/public_html/wp-includes/class-wp-hook.php on line 324

2025-12-10T16:20:19+00:00 CRITICAL Uncaught TypeError: call_user_func_array(): Argument #1 ($callback) must be a valid callback, class "Automattic\Jetpack\Assets\Script_Data" not found in /home/agroswift/public_html/wp-includes/class-wp-hook.php:324
Stack trace:
#0 /home/agroswift/public_html/wp-includes/class-wp-hook.php(348): WP_Hook->apply_filters(NULL, Array)
#1 /home/agroswift/public_html/wp-includes/plugin.php(517): WP_Hook->do_action(Array)
#2 /home/agroswift/public_html/wp-settings.php(550): do_action('plugins_loaded')
#3 /home/agroswift/public_html/wp-config.php(97): require_once('/home/agroswift...')
#4 /home/agroswift/public_html/wp-load.php(50): require_once('/home/agroswift...')
#5 /home/agroswift/public_html/wp-admin/admin-ajax.php(22): require_once('/home/agroswift...')
#6 {main}
  thrown in /home/agroswift/public_html/wp-includes/class-wp-hook.php on line 324

2025-12-10T16:20:25+00:00 CRITICAL Uncaught TypeError: call_user_func_array(): Argument #1 ($callback) must be a valid callback, class "Automattic\Jetpack\Assets\Script_Data" not found in /home/agroswift/public_html/wp-includes/class-wp-hook.php:324
Stack trace:
#0 /home/agroswift/public_html/wp-includes/class-wp-hook.php(348): WP_Hook->apply_filters(NULL, Array)
#1 /home/agroswift/public_html/wp-includes/plugin.php(517): WP_Hook->do_action(Array)
#2 /home/agroswift/public_html/wp-settings.php(550): do_action('plugins_loaded')
#3 /home/agroswift/public_html/wp-config.php(97): require_once('/home/agroswift...')
#4 /home/agroswift/public_html/wp-load.php(50): require_once('/home/agroswift...')
#5 /home/agroswift/public_html/wp-admin/admin.php(34): require_once('/home/agroswift...')
#6 /home/agroswift/public_html/wp-admin/plugins.php(10): require_once('/home/agroswift...')
#7 {main}
  thrown in /home/agroswift/public_html/wp-includes/class-wp-hook.php on line 324

2025-12-10T16:21:04+00:00 CRITICAL Uncaught TypeError: call_user_func_array(): Argument #1 ($callback) must be a valid callback, class "Automattic\Jetpack\Assets\Script_Data" not found in /home/agroswift/public_html/wp-includes/class-wp-hook.php:324
Stack trace:
#0 /home/agroswift/public_html/wp-includes/class-wp-hook.php(348): WP_Hook->apply_filters(NULL, Array)
#1 /home/agroswift/public_html/wp-includes/plugin.php(517): WP_Hook->do_action(Array)
#2 /home/agroswift/public_html/wp-settings.php(550): do_action('plugins_loaded')
#3 /home/agroswift/public_html/wp-config.php(97): require_once('/home/agroswift...')
#4 /home/agroswift/public_html/wp-load.php(50): require_once('/home/agroswift...')
#5 /home/agroswift/public_html/wp-blog-header.php(13): require_once('/home/agroswift...')
#6 /home/agroswift/public_html/index.php(17): require('/home/agroswift...')
#7 {main}
  thrown in /home/agroswift/public_html/wp-includes/class-wp-hook.php on line 324

2025-12-10T16:36:30+00:00 CRITICAL Uncaught TypeError: call_user_func_array(): Argument #1 ($callback) must be a valid callback, class "Automattic\Jetpack\Assets\Script_Data" not found in /home/agroswift/public_html/wp-includes/class-wp-hook.php:341
Stack trace:
#0 /home/agroswift/public_html/wp-includes/class-wp-hook.php(365): WP_Hook->apply_filters(NULL, Array)
#1 /home/agroswift/public_html/wp-includes/plugin.php(522): WP_Hook->do_action(Array)
#2 /home/agroswift/public_html/wp-settings.php(593): do_action('plugins_loaded')
#3 /home/agroswift/public_html/wp-config.php(97): require_once('/home/agroswift...')
#4 /home/agroswift/public_html/wp-load.php(50): require_once('/home/agroswift...')
#5 /home/agroswift/public_html/wp-blog-header.php(13): require_once('/home/agroswift...')
#6 /home/agroswift/public_html/index.php(17): require('/home/agroswift...')
#7 {main}
  thrown in /home/agroswift/public_html/wp-includes/class-wp-hook.php on line 341

2025-12-10T16:36:39+00:00 CRITICAL Uncaught TypeError: call_user_func_array(): Argument #1 ($callback) must be a valid callback, class "Automattic\Jetpack\Assets\Script_Data" not found in /home/agroswift/public_html/wp-includes/class-wp-hook.php:341
Stack trace:
#0 /home/agroswift/public_html/wp-includes/class-wp-hook.php(365): WP_Hook->apply_filters(NULL, Array)
#1 /home/agroswift/public_html/wp-includes/plugin.php(522): WP_Hook->do_action(Array)
#2 /home/agroswift/public_html/wp-settings.php(593): do_action('plugins_loaded')
#3 /home/agroswift/public_html/wp-config.php(97): require_once('/home/agroswift...')
#4 /home/agroswift/public_html/wp-load.php(50): require_once('/home/agroswift...')
#5 /home/agroswift/public_html/wp-blog-header.php(13): require_once('/home/agroswift...')
#6 /home/agroswift/public_html/index.php(17): require('/home/agroswift...')
#7 {main}
  thrown in /home/agroswift/public_html/wp-includes/class-wp-hook.php on line 341

2025-12-10T16:37:01+00:00 CRITICAL Uncaught TypeError: call_user_func_array(): Argument #1 ($callback) must be a valid callback, class "Automattic\Jetpack\Assets\Script_Data" not found in /home/agroswift/public_html/wp-includes/class-wp-hook.php:341
Stack trace:
#0 /home/agroswift/public_html/wp-includes/class-wp-hook.php(365): WP_Hook->apply_filters(NULL, Array)
#1 /home/agroswift/public_html/wp-includes/plugin.php(522): WP_Hook->do_action(Array)
#2 /home/agroswift/public_html/wp-settings.php(593): do_action('plugins_loaded')
#3 /home/agroswift/public_html/wp-config.php(97): require_once('/home/agroswift...')
#4 /home/agroswift/public_html/wp-load.php(50): require_once('/home/agroswift...')
#5 /home/agroswift/public_html/wp-blog-header.php(13): require_once('/home/agroswift...')
#6 /home/agroswift/public_html/index.php(17): require('/home/agroswift...')
#7 {main}
  thrown in /home/agroswift/public_html/wp-includes/class-wp-hook.php on line 341

