2025-04-04T01:11:37+00:00 CRITICAL Uncaught Error: Failed opening required '/home/agroswift/public_html/wp-includes/PHPMailer/PHPMailer.php' (include_path='.:/opt/cpanel/ea-php81/root/usr/share/pear') in /home/agroswift/public_html/wp-content/plugins/gosmtp/init.php:120
Stack trace:
#0 /home/agroswift/public_html/wp-includes/class-wp-hook.php(324): gosmtp_load_phpmailer(Array)
#1 /home/agroswift/public_html/wp-includes/plugin.php(205): WP_Hook->apply_filters(Array, Array)
#2 /home/agroswift/public_html/wp-includes/pluggable.php(192): apply_filters('wp_mail', Array)
#3 /home/agroswift/public_html/wp-content/plugins/contact-form-7/includes/mail.php(135): wp_mail('1q0nbg4km@mozma...', 'Are You a TRUE ...', 'Are You a TRUE ...', 'From: <info@agr...', Array)
#4 /home/agroswift/public_html/wp-content/plugins/contact-form-7/includes/mail.php(19): WPCF7_Mail->compose()
#5 /home/agroswift/public_html/wp-content/plugins/contact-form-7/includes/submission.php(474): WPCF7_Mail::send(Array, 'mail')
#6 /home/agroswift/public_html/wp-content/plugins/contact-form-7/includes/submission.php(92): WPCF7_Submission->mail()
#7 /home/agroswift/public_html/wp-content/plugins/contact-form-7/includes/submission.php(24): WPCF7_Submission->proceed()
#8 /home/agroswift/public_html/wp-content/plugins/contact-form-7/includes/contact-form.php(763): WPCF7_Submission::get_instance(Object(WPCF7_ContactForm), Array)
#9 /home/agroswift/public_html/wp-content/plugins/contact-form-7/includes/controller.php(25): WPCF7_ContactForm->submit()
#10 /home/agroswift/public_html/wp-includes/class-wp-hook.php(322): wpcf7_control_init()
#11 /home/agroswift/public_html/wp-includes/class-wp-hook.php(348): WP_Hook->apply_filters(NULL, Array)
#12 /home/agroswift/public_html/wp-includes/plugin.php(565): WP_Hook->do_action(Array)
#13 /home/agroswift/public_html/wp-includes/class-wp.php(418): do_action_ref_array('parse_request', Array)
#14 /home/agroswift/public_html/wp-includes/class-wp.php(813): WP->parse_request('')
#15 /home/agroswift/public_html/wp-includes/functions.php(1336): WP->main('')
#16 /home/agroswift/public_html/wp-blog-header.php(16): wp()
#17 /home/agroswift/public_html/index.php(17): require('/home/agroswift...')
#18 {main}
  thrown in /home/agroswift/public_html/wp-content/plugins/gosmtp/init.php on line 120

2025-04-04T01:22:07+00:00 CRITICAL Uncaught Error: Failed opening required '/home/agroswift/public_html/wp-includes/PHPMailer/PHPMailer.php' (include_path='.:/opt/cpanel/ea-php81/root/usr/share/pear') in /home/agroswift/public_html/wp-content/plugins/gosmtp/init.php:120
Stack trace:
#0 /home/agroswift/public_html/wp-includes/class-wp-hook.php(324): gosmtp_load_phpmailer(Array)
#1 /home/agroswift/public_html/wp-includes/plugin.php(205): WP_Hook->apply_filters(Array, Array)
#2 /home/agroswift/public_html/wp-includes/pluggable.php(192): apply_filters('wp_mail', Array)
#3 /home/agroswift/public_html/wp-content/plugins/contact-form-7/includes/mail.php(135): wp_mail('allleasing@pvtn...', 'Zdravo, htio sa...', 'Zdravo, htio sa...', 'From: <info@agr...', Array)
#4 /home/agroswift/public_html/wp-content/plugins/contact-form-7/includes/mail.php(19): WPCF7_Mail->compose()
#5 /home/agroswift/public_html/wp-content/plugins/contact-form-7/includes/submission.php(474): WPCF7_Mail::send(Array, 'mail')
#6 /home/agroswift/public_html/wp-content/plugins/contact-form-7/includes/submission.php(92): WPCF7_Submission->mail()
#7 /home/agroswift/public_html/wp-content/plugins/contact-form-7/includes/submission.php(24): WPCF7_Submission->proceed()
#8 /home/agroswift/public_html/wp-content/plugins/contact-form-7/includes/contact-form.php(763): WPCF7_Submission::get_instance(Object(WPCF7_ContactForm), Array)
#9 /home/agroswift/public_html/wp-content/plugins/contact-form-7/includes/rest-api.php(321): WPCF7_ContactForm->submit()
#10 /home/agroswift/public_html/wp-includes/rest-api/class-wp-rest-server.php(1230): wpcf7_rest_create_feedback(Object(WP_REST_Request))
#11 /home/agroswift/public_html/wp-includes/rest-api/class-wp-rest-server.php(1063): WP_REST_Server->respond_to_request(Object(WP_REST_Request), '/contact-form-7...', Array, NULL)
#12 /home/agroswift/public_html/wp-includes/rest-api/class-wp-rest-server.php(439): WP_REST_Server->dispatch(Object(WP_REST_Request))
#13 /home/agroswift/public_html/wp-includes/rest-api.php(428): WP_REST_Server->serve_request('/contact-form-7...')
#14 /home/agroswift/public_html/wp-includes/class-wp-hook.php(324): rest_api_loaded(Object(WP))
#15 /home/agroswift/public_html/wp-includes/class-wp-hook.php(348): WP_Hook->apply_filters(NULL, Array)
#16 /home/agroswift/public_html/wp-includes/plugin.php(565): WP_Hook->do_action(Array)
#17 /home/agroswift/public_html/wp-includes/class-wp.php(418): do_action_ref_array('parse_request', Array)
#18 /home/agroswift/public_html/wp-includes/class-wp.php(813): WP->parse_request('')
#19 /home/agroswift/public_html/wp-includes/functions.php(1336): WP->main('')
#20 /home/agroswift/public_html/wp-blog-header.php(16): wp()
#21 /home/agroswift/public_html/index.php(17): require('/home/agroswift...')
#22 {main}
  thrown in /home/agroswift/public_html/wp-content/plugins/gosmtp/init.php on line 120

2025-04-04T04:49:49+00:00 CRITICAL Uncaught Error: Failed opening required '/home/agroswift/public_html/wp-includes/PHPMailer/PHPMailer.php' (include_path='.:/opt/cpanel/ea-php81/root/usr/share/pear') in /home/agroswift/public_html/wp-content/plugins/gosmtp/init.php:120
Stack trace:
#0 /home/agroswift/public_html/wp-includes/class-wp-hook.php(324): gosmtp_load_phpmailer(Array)
#1 /home/agroswift/public_html/wp-includes/plugin.php(205): WP_Hook->apply_filters(Array, Array)
#2 /home/agroswift/public_html/wp-includes/pluggable.php(192): apply_filters('wp_mail', Array)
#3 /home/agroswift/public_html/wp-content/plugins/contact-form-7/includes/mail.php(135): wp_mail('ijehyikb@oonmai...', '\xE2\x80\x9CEvery mornin...', '\xE2\x80\x9CEvery mornin...', 'From: <info@agr...', Array)
#4 /home/agroswift/public_html/wp-content/plugins/contact-form-7/includes/mail.php(19): WPCF7_Mail->compose()
#5 /home/agroswift/public_html/wp-content/plugins/contact-form-7/includes/submission.php(474): WPCF7_Mail::send(Array, 'mail')
#6 /home/agroswift/public_html/wp-content/plugins/contact-form-7/includes/submission.php(92): WPCF7_Submission->mail()
#7 /home/agroswift/public_html/wp-content/plugins/contact-form-7/includes/submission.php(24): WPCF7_Submission->proceed()
#8 /home/agroswift/public_html/wp-content/plugins/contact-form-7/includes/contact-form.php(763): WPCF7_Submission::get_instance(Object(WPCF7_ContactForm), Array)
#9 /home/agroswift/public_html/wp-content/plugins/contact-form-7/includes/rest-api.php(321): WPCF7_ContactForm->submit()
#10 /home/agroswift/public_html/wp-includes/rest-api/class-wp-rest-server.php(1230): wpcf7_rest_create_feedback(Object(WP_REST_Request))
#11 /home/agroswift/public_html/wp-includes/rest-api/class-wp-rest-server.php(1063): WP_REST_Server->respond_to_request(Object(WP_REST_Request), '/contact-form-7...', Array, NULL)
#12 /home/agroswift/public_html/wp-includes/rest-api/class-wp-rest-server.php(439): WP_REST_Server->dispatch(Object(WP_REST_Request))
#13 /home/agroswift/public_html/wp-includes/rest-api.php(428): WP_REST_Server->serve_request('/contact-form-7...')
#14 /home/agroswift/public_html/wp-includes/class-wp-hook.php(324): rest_api_loaded(Object(WP))
#15 /home/agroswift/public_html/wp-includes/class-wp-hook.php(348): WP_Hook->apply_filters(NULL, Array)
#16 /home/agroswift/public_html/wp-includes/plugin.php(565): WP_Hook->do_action(Array)
#17 /home/agroswift/public_html/wp-includes/class-wp.php(418): do_action_ref_array('parse_request', Array)
#18 /home/agroswift/public_html/wp-includes/class-wp.php(813): WP->parse_request('')
#19 /home/agroswift/public_html/wp-includes/functions.php(1336): WP->main('')
#20 /home/agroswift/public_html/wp-blog-header.php(16): wp()
#21 /home/agroswift/public_html/index.php(17): require('/home/agroswift...')
#22 {main}
  thrown in /home/agroswift/public_html/wp-content/plugins/gosmtp/init.php on line 120

2025-04-04T06:06:57+00:00 CRITICAL Uncaught Error: Failed opening required '/home/agroswift/public_html/wp-includes/PHPMailer/PHPMailer.php' (include_path='.:/opt/cpanel/ea-php81/root/usr/share/pear') in /home/agroswift/public_html/wp-content/plugins/gosmtp/init.php:120
Stack trace:
#0 /home/agroswift/public_html/wp-includes/class-wp-hook.php(324): gosmtp_load_phpmailer(Array)
#1 /home/agroswift/public_html/wp-includes/plugin.php(205): WP_Hook->apply_filters(Array, Array)
#2 /home/agroswift/public_html/wp-includes/pluggable.php(192): apply_filters('wp_mail', Array)
#3 /home/agroswift/public_html/wp-content/plugins/contact-form-7/includes/mail.php(135): wp_mail('ayy_wong@me.com', 'Hi, kam dashur ...', 'Hi, kam dashur ...', 'From: <info@agr...', Array)
#4 /home/agroswift/public_html/wp-content/plugins/contact-form-7/includes/mail.php(19): WPCF7_Mail->compose()
#5 /home/agroswift/public_html/wp-content/plugins/contact-form-7/includes/submission.php(474): WPCF7_Mail::send(Array, 'mail')
#6 /home/agroswift/public_html/wp-content/plugins/contact-form-7/includes/submission.php(92): WPCF7_Submission->mail()
#7 /home/agroswift/public_html/wp-content/plugins/contact-form-7/includes/submission.php(24): WPCF7_Submission->proceed()
#8 /home/agroswift/public_html/wp-content/plugins/contact-form-7/includes/contact-form.php(763): WPCF7_Submission::get_instance(Object(WPCF7_ContactForm), Array)
#9 /home/agroswift/public_html/wp-content/plugins/contact-form-7/includes/rest-api.php(321): WPCF7_ContactForm->submit()
#10 /home/agroswift/public_html/wp-includes/rest-api/class-wp-rest-server.php(1230): wpcf7_rest_create_feedback(Object(WP_REST_Request))
#11 /home/agroswift/public_html/wp-includes/rest-api/class-wp-rest-server.php(1063): WP_REST_Server->respond_to_request(Object(WP_REST_Request), '/contact-form-7...', Array, NULL)
#12 /home/agroswift/public_html/wp-includes/rest-api/class-wp-rest-server.php(439): WP_REST_Server->dispatch(Object(WP_REST_Request))
#13 /home/agroswift/public_html/wp-includes/rest-api.php(428): WP_REST_Server->serve_request('/contact-form-7...')
#14 /home/agroswift/public_html/wp-includes/class-wp-hook.php(324): rest_api_loaded(Object(WP))
#15 /home/agroswift/public_html/wp-includes/class-wp-hook.php(348): WP_Hook->apply_filters(NULL, Array)
#16 /home/agroswift/public_html/wp-includes/plugin.php(565): WP_Hook->do_action(Array)
#17 /home/agroswift/public_html/wp-includes/class-wp.php(418): do_action_ref_array('parse_request', Array)
#18 /home/agroswift/public_html/wp-includes/class-wp.php(813): WP->parse_request('')
#19 /home/agroswift/public_html/wp-includes/functions.php(1336): WP->main('')
#20 /home/agroswift/public_html/wp-blog-header.php(16): wp()
#21 /home/agroswift/public_html/index.php(17): require('/home/agroswift...')
#22 {main}
  thrown in /home/agroswift/public_html/wp-content/plugins/gosmtp/init.php on line 120

2025-04-04T06:40:29+00:00 CRITICAL Uncaught Error: Failed opening required '/home/agroswift/public_html/wp-includes/PHPMailer/PHPMailer.php' (include_path='.:/opt/cpanel/ea-php81/root/usr/share/pear') in /home/agroswift/public_html/wp-content/plugins/gosmtp/init.php:120
Stack trace:
#0 /home/agroswift/public_html/wp-includes/class-wp-hook.php(324): gosmtp_load_phpmailer(Array)
#1 /home/agroswift/public_html/wp-includes/plugin.php(205): WP_Hook->apply_filters(Array, Array)
#2 /home/agroswift/public_html/wp-includes/pluggable.php(192): apply_filters('wp_mail', Array)
#3 /home/agroswift/public_html/wp-content/plugins/contact-form-7/includes/mail.php(135): wp_mail('kingmanfrith7@g...', '# \xD0\x94\xD0\xB5\xD1\x82\xD0\xB5\xD0\xB9\xD0\xBB\xD0...', '# \xD0\x94\xD0\xB5\xD1\x82\xD0\xB5\xD0\xB9\xD0\xBB\xD0...', 'From: <info@agr...', Array)
#4 /home/agroswift/public_html/wp-content/plugins/contact-form-7/includes/mail.php(19): WPCF7_Mail->compose()
#5 /home/agroswift/public_html/wp-content/plugins/contact-form-7/includes/submission.php(474): WPCF7_Mail::send(Array, 'mail')
#6 /home/agroswift/public_html/wp-content/plugins/contact-form-7/includes/submission.php(92): WPCF7_Submission->mail()
#7 /home/agroswift/public_html/wp-content/plugins/contact-form-7/includes/submission.php(24): WPCF7_Submission->proceed()
#8 /home/agroswift/public_html/wp-content/plugins/contact-form-7/includes/contact-form.php(763): WPCF7_Submission::get_instance(Object(WPCF7_ContactForm), Array)
#9 /home/agroswift/public_html/wp-content/plugins/contact-form-7/includes/controller.php(25): WPCF7_ContactForm->submit()
#10 /home/agroswift/public_html/wp-includes/class-wp-hook.php(322): wpcf7_control_init()
#11 /home/agroswift/public_html/wp-includes/class-wp-hook.php(348): WP_Hook->apply_filters(NULL, Array)
#12 /home/agroswift/public_html/wp-includes/plugin.php(565): WP_Hook->do_action(Array)
#13 /home/agroswift/public_html/wp-includes/class-wp.php(418): do_action_ref_array('parse_request', Array)
#14 /home/agroswift/public_html/wp-includes/class-wp.php(813): WP->parse_request('')
#15 /home/agroswift/public_html/wp-includes/functions.php(1336): WP->main('')
#16 /home/agroswift/public_html/wp-blog-header.php(16): wp()
#17 /home/agroswift/public_html/index.php(17): require('/home/agroswift...')
#18 {main}
  thrown in /home/agroswift/public_html/wp-content/plugins/gosmtp/init.php on line 120

2025-04-04T08:42:17+00:00 CRITICAL Uncaught Error: Failed opening required '/home/agroswift/public_html/wp-includes/PHPMailer/PHPMailer.php' (include_path='.:/opt/cpanel/ea-php81/root/usr/share/pear') in /home/agroswift/public_html/wp-content/plugins/gosmtp/init.php:120
Stack trace:
#0 /home/agroswift/public_html/wp-includes/class-wp-hook.php(324): gosmtp_load_phpmailer(Array)
#1 /home/agroswift/public_html/wp-includes/plugin.php(205): WP_Hook->apply_filters(Array, Array)
#2 /home/agroswift/public_html/wp-includes/pluggable.php(192): apply_filters('wp_mail', Array)
#3 /home/agroswift/public_html/wp-content/plugins/contact-form-7/includes/mail.php(135): wp_mail('megaboommegaboo...', 'Hi! Earn every ...', 'Hi! \r\nEarn ever...', 'From: <info@agr...', Array)
#4 /home/agroswift/public_html/wp-content/plugins/contact-form-7/includes/mail.php(19): WPCF7_Mail->compose()
#5 /home/agroswift/public_html/wp-content/plugins/contact-form-7/includes/submission.php(474): WPCF7_Mail::send(Array, 'mail')
#6 /home/agroswift/public_html/wp-content/plugins/contact-form-7/includes/submission.php(92): WPCF7_Submission->mail()
#7 /home/agroswift/public_html/wp-content/plugins/contact-form-7/includes/submission.php(24): WPCF7_Submission->proceed()
#8 /home/agroswift/public_html/wp-content/plugins/contact-form-7/includes/contact-form.php(763): WPCF7_Submission::get_instance(Object(WPCF7_ContactForm), Array)
#9 /home/agroswift/public_html/wp-content/plugins/contact-form-7/includes/controller.php(25): WPCF7_ContactForm->submit()
#10 /home/agroswift/public_html/wp-includes/class-wp-hook.php(322): wpcf7_control_init()
#11 /home/agroswift/public_html/wp-includes/class-wp-hook.php(348): WP_Hook->apply_filters(NULL, Array)
#12 /home/agroswift/public_html/wp-includes/plugin.php(565): WP_Hook->do_action(Array)
#13 /home/agroswift/public_html/wp-includes/class-wp.php(418): do_action_ref_array('parse_request', Array)
#14 /home/agroswift/public_html/wp-includes/class-wp.php(813): WP->parse_request('')
#15 /home/agroswift/public_html/wp-includes/functions.php(1336): WP->main('')
#16 /home/agroswift/public_html/wp-blog-header.php(16): wp()
#17 /home/agroswift/public_html/index.php(17): require('/home/agroswift...')
#18 {main}
  thrown in /home/agroswift/public_html/wp-content/plugins/gosmtp/init.php on line 120

2025-04-04T09:01:44+00:00 CRITICAL Uncaught Error: Failed opening required '/home/agroswift/public_html/wp-includes/PHPMailer/PHPMailer.php' (include_path='.:/opt/cpanel/ea-php81/root/usr/share/pear') in /home/agroswift/public_html/wp-content/plugins/gosmtp/init.php:120
Stack trace:
#0 /home/agroswift/public_html/wp-includes/class-wp-hook.php(324): gosmtp_load_phpmailer(Array)
#1 /home/agroswift/public_html/wp-includes/plugin.php(205): WP_Hook->apply_filters(Array, Array)
#2 /home/agroswift/public_html/wp-includes/pluggable.php(192): apply_filters('wp_mail', Array)
#3 /home/agroswift/public_html/wp-content/plugins/contact-form-7/includes/mail.php(135): wp_mail('ztxmail775@gmai...', '<a href=https:/...', '<a href=https:/...', 'From: <info@agr...', Array)
#4 /home/agroswift/public_html/wp-content/plugins/contact-form-7/includes/mail.php(19): WPCF7_Mail->compose()
#5 /home/agroswift/public_html/wp-content/plugins/contact-form-7/includes/submission.php(474): WPCF7_Mail::send(Array, 'mail')
#6 /home/agroswift/public_html/wp-content/plugins/contact-form-7/includes/submission.php(92): WPCF7_Submission->mail()
#7 /home/agroswift/public_html/wp-content/plugins/contact-form-7/includes/submission.php(24): WPCF7_Submission->proceed()
#8 /home/agroswift/public_html/wp-content/plugins/contact-form-7/includes/contact-form.php(763): WPCF7_Submission::get_instance(Object(WPCF7_ContactForm), Array)
#9 /home/agroswift/public_html/wp-content/plugins/contact-form-7/includes/rest-api.php(321): WPCF7_ContactForm->submit()
#10 /home/agroswift/public_html/wp-includes/rest-api/class-wp-rest-server.php(1230): wpcf7_rest_create_feedback(Object(WP_REST_Request))
#11 /home/agroswift/public_html/wp-includes/rest-api/class-wp-rest-server.php(1063): WP_REST_Server->respond_to_request(Object(WP_REST_Request), '/contact-form-7...', Array, NULL)
#12 /home/agroswift/public_html/wp-includes/rest-api/class-wp-rest-server.php(439): WP_REST_Server->dispatch(Object(WP_REST_Request))
#13 /home/agroswift/public_html/wp-includes/rest-api.php(428): WP_REST_Server->serve_request('/contact-form-7...')
#14 /home/agroswift/public_html/wp-includes/class-wp-hook.php(324): rest_api_loaded(Object(WP))
#15 /home/agroswift/public_html/wp-includes/class-wp-hook.php(348): WP_Hook->apply_filters(NULL, Array)
#16 /home/agroswift/public_html/wp-includes/plugin.php(565): WP_Hook->do_action(Array)
#17 /home/agroswift/public_html/wp-includes/class-wp.php(418): do_action_ref_array('parse_request', Array)
#18 /home/agroswift/public_html/wp-includes/class-wp.php(813): WP->parse_request('')
#19 /home/agroswift/public_html/wp-includes/functions.php(1336): WP->main('')
#20 /home/agroswift/public_html/wp-blog-header.php(16): wp()
#21 /home/agroswift/public_html/index.php(17): require('/home/agroswift...')
#22 {main}
  thrown in /home/agroswift/public_html/wp-content/plugins/gosmtp/init.php on line 120

2025-04-04T10:56:29+00:00 CRITICAL Uncaught Error: Failed opening required '/home/agroswift/public_html/wp-includes/PHPMailer/PHPMailer.php' (include_path='.:/opt/cpanel/ea-php81/root/usr/share/pear') in /home/agroswift/public_html/wp-content/plugins/gosmtp/init.php:120
Stack trace:
#0 /home/agroswift/public_html/wp-includes/class-wp-hook.php(324): gosmtp_load_phpmailer(Array)
#1 /home/agroswift/public_html/wp-includes/plugin.php(205): WP_Hook->apply_filters(Array, Array)
#2 /home/agroswift/public_html/wp-includes/pluggable.php(192): apply_filters('wp_mail', Array)
#3 /home/agroswift/public_html/wp-content/plugins/contact-form-7/includes/mail.php(135): wp_mail('riced54_56@yaho...', 'Hi, \xE1\x83\x9B\xE1\x83\x98\xE1\x83\x9C\xE1\x83...', 'Hi, \xE1\x83\x9B\xE1\x83\x98\xE1\x83\x9C\xE1\x83...', 'From: <info@agr...', Array)
#4 /home/agroswift/public_html/wp-content/plugins/contact-form-7/includes/mail.php(19): WPCF7_Mail->compose()
#5 /home/agroswift/public_html/wp-content/plugins/contact-form-7/includes/submission.php(474): WPCF7_Mail::send(Array, 'mail')
#6 /home/agroswift/public_html/wp-content/plugins/contact-form-7/includes/submission.php(92): WPCF7_Submission->mail()
#7 /home/agroswift/public_html/wp-content/plugins/contact-form-7/includes/submission.php(24): WPCF7_Submission->proceed()
#8 /home/agroswift/public_html/wp-content/plugins/contact-form-7/includes/contact-form.php(763): WPCF7_Submission::get_instance(Object(WPCF7_ContactForm), Array)
#9 /home/agroswift/public_html/wp-content/plugins/contact-form-7/includes/rest-api.php(321): WPCF7_ContactForm->submit()
#10 /home/agroswift/public_html/wp-includes/rest-api/class-wp-rest-server.php(1230): wpcf7_rest_create_feedback(Object(WP_REST_Request))
#11 /home/agroswift/public_html/wp-includes/rest-api/class-wp-rest-server.php(1063): WP_REST_Server->respond_to_request(Object(WP_REST_Request), '/contact-form-7...', Array, NULL)
#12 /home/agroswift/public_html/wp-includes/rest-api/class-wp-rest-server.php(439): WP_REST_Server->dispatch(Object(WP_REST_Request))
#13 /home/agroswift/public_html/wp-includes/rest-api.php(428): WP_REST_Server->serve_request('/contact-form-7...')
#14 /home/agroswift/public_html/wp-includes/class-wp-hook.php(324): rest_api_loaded(Object(WP))
#15 /home/agroswift/public_html/wp-includes/class-wp-hook.php(348): WP_Hook->apply_filters(NULL, Array)
#16 /home/agroswift/public_html/wp-includes/plugin.php(565): WP_Hook->do_action(Array)
#17 /home/agroswift/public_html/wp-includes/class-wp.php(418): do_action_ref_array('parse_request', Array)
#18 /home/agroswift/public_html/wp-includes/class-wp.php(813): WP->parse_request('')
#19 /home/agroswift/public_html/wp-includes/functions.php(1336): WP->main('')
#20 /home/agroswift/public_html/wp-blog-header.php(16): wp()
#21 /home/agroswift/public_html/index.php(17): require('/home/agroswift...')
#22 {main}
  thrown in /home/agroswift/public_html/wp-content/plugins/gosmtp/init.php on line 120

2025-04-04T11:09:21+00:00 CRITICAL Uncaught Error: Failed opening required '/home/agroswift/public_html/wp-includes/PHPMailer/PHPMailer.php' (include_path='.:/opt/cpanel/ea-php81/root/usr/share/pear') in /home/agroswift/public_html/wp-content/plugins/gosmtp/init.php:120
Stack trace:
#0 /home/agroswift/public_html/wp-includes/class-wp-hook.php(324): gosmtp_load_phpmailer(Array)
#1 /home/agroswift/public_html/wp-includes/plugin.php(205): WP_Hook->apply_filters(Array, Array)
#2 /home/agroswift/public_html/wp-includes/pluggable.php(192): apply_filters('wp_mail', Array)
#3 /home/agroswift/public_html/wp-content/plugins/contact-form-7/includes/mail.php(135): wp_mail('Coaconsulting@o...', 'Hi, I wanted to...', 'Hi, I wanted to...', 'From: <info@agr...', Array)
#4 /home/agroswift/public_html/wp-content/plugins/contact-form-7/includes/mail.php(19): WPCF7_Mail->compose()
#5 /home/agroswift/public_html/wp-content/plugins/contact-form-7/includes/submission.php(474): WPCF7_Mail::send(Array, 'mail')
#6 /home/agroswift/public_html/wp-content/plugins/contact-form-7/includes/submission.php(92): WPCF7_Submission->mail()
#7 /home/agroswift/public_html/wp-content/plugins/contact-form-7/includes/submission.php(24): WPCF7_Submission->proceed()
#8 /home/agroswift/public_html/wp-content/plugins/contact-form-7/includes/contact-form.php(763): WPCF7_Submission::get_instance(Object(WPCF7_ContactForm), Array)
#9 /home/agroswift/public_html/wp-content/plugins/contact-form-7/includes/rest-api.php(321): WPCF7_ContactForm->submit()
#10 /home/agroswift/public_html/wp-includes/rest-api/class-wp-rest-server.php(1230): wpcf7_rest_create_feedback(Object(WP_REST_Request))
#11 /home/agroswift/public_html/wp-includes/rest-api/class-wp-rest-server.php(1063): WP_REST_Server->respond_to_request(Object(WP_REST_Request), '/contact-form-7...', Array, NULL)
#12 /home/agroswift/public_html/wp-includes/rest-api/class-wp-rest-server.php(439): WP_REST_Server->dispatch(Object(WP_REST_Request))
#13 /home/agroswift/public_html/wp-includes/rest-api.php(428): WP_REST_Server->serve_request('/contact-form-7...')
#14 /home/agroswift/public_html/wp-includes/class-wp-hook.php(324): rest_api_loaded(Object(WP))
#15 /home/agroswift/public_html/wp-includes/class-wp-hook.php(348): WP_Hook->apply_filters(NULL, Array)
#16 /home/agroswift/public_html/wp-includes/plugin.php(565): WP_Hook->do_action(Array)
#17 /home/agroswift/public_html/wp-includes/class-wp.php(418): do_action_ref_array('parse_request', Array)
#18 /home/agroswift/public_html/wp-includes/class-wp.php(813): WP->parse_request('')
#19 /home/agroswift/public_html/wp-includes/functions.php(1336): WP->main('')
#20 /home/agroswift/public_html/wp-blog-header.php(16): wp()
#21 /home/agroswift/public_html/index.php(17): require('/home/agroswift...')
#22 {main}
  thrown in /home/agroswift/public_html/wp-content/plugins/gosmtp/init.php on line 120

2025-04-04T12:34:26+00:00 CRITICAL Uncaught Error: Failed opening required '/home/agroswift/public_html/wp-includes/PHPMailer/PHPMailer.php' (include_path='.:/opt/cpanel/ea-php81/root/usr/share/pear') in /home/agroswift/public_html/wp-content/plugins/gosmtp/init.php:120
Stack trace:
#0 /home/agroswift/public_html/wp-includes/class-wp-hook.php(324): gosmtp_load_phpmailer(Array)
#1 /home/agroswift/public_html/wp-includes/plugin.php(205): WP_Hook->apply_filters(Array, Array)
#2 /home/agroswift/public_html/wp-includes/pluggable.php(192): apply_filters('wp_mail', Array)
#3 /home/agroswift/public_html/wp-content/plugins/contact-form-7/includes/mail.php(135): wp_mail('cuxzzylzzj@ramb...', '\xD0\xA1\xD0\xBF\xD0\xB0\xD1\x81\xD0\xB8\xD0\xB1\xD0\xBE ...', '\xD0\xA1\xD0\xBF\xD0\xB0\xD1\x81\xD0\xB8\xD0\xB1\xD0\xBE ...', 'From: <info@agr...', Array)
#4 /home/agroswift/public_html/wp-content/plugins/contact-form-7/includes/mail.php(19): WPCF7_Mail->compose()
#5 /home/agroswift/public_html/wp-content/plugins/contact-form-7/includes/submission.php(474): WPCF7_Mail::send(Array, 'mail')
#6 /home/agroswift/public_html/wp-content/plugins/contact-form-7/includes/submission.php(92): WPCF7_Submission->mail()
#7 /home/agroswift/public_html/wp-content/plugins/contact-form-7/includes/submission.php(24): WPCF7_Submission->proceed()
#8 /home/agroswift/public_html/wp-content/plugins/contact-form-7/includes/contact-form.php(763): WPCF7_Submission::get_instance(Object(WPCF7_ContactForm), Array)
#9 /home/agroswift/public_html/wp-content/plugins/contact-form-7/includes/rest-api.php(321): WPCF7_ContactForm->submit()
#10 /home/agroswift/public_html/wp-includes/rest-api/class-wp-rest-server.php(1230): wpcf7_rest_create_feedback(Object(WP_REST_Request))
#11 /home/agroswift/public_html/wp-includes/rest-api/class-wp-rest-server.php(1063): WP_REST_Server->respond_to_request(Object(WP_REST_Request), '/contact-form-7...', Array, NULL)
#12 /home/agroswift/public_html/wp-includes/rest-api/class-wp-rest-server.php(439): WP_REST_Server->dispatch(Object(WP_REST_Request))
#13 /home/agroswift/public_html/wp-includes/rest-api.php(428): WP_REST_Server->serve_request('/contact-form-7...')
#14 /home/agroswift/public_html/wp-includes/class-wp-hook.php(324): rest_api_loaded(Object(WP))
#15 /home/agroswift/public_html/wp-includes/class-wp-hook.php(348): WP_Hook->apply_filters(NULL, Array)
#16 /home/agroswift/public_html/wp-includes/plugin.php(565): WP_Hook->do_action(Array)
#17 /home/agroswift/public_html/wp-includes/class-wp.php(418): do_action_ref_array('parse_request', Array)
#18 /home/agroswift/public_html/wp-includes/class-wp.php(813): WP->parse_request('')
#19 /home/agroswift/public_html/wp-includes/functions.php(1336): WP->main('')
#20 /home/agroswift/public_html/wp-blog-header.php(16): wp()
#21 /home/agroswift/public_html/index.php(17): require('/home/agroswift...')
#22 {main}
  thrown in /home/agroswift/public_html/wp-content/plugins/gosmtp/init.php on line 120

2025-04-04T14:39:39+00:00 CRITICAL Uncaught Error: Failed opening required '/home/agroswift/public_html/wp-includes/PHPMailer/PHPMailer.php' (include_path='.:/opt/cpanel/ea-php81/root/usr/share/pear') in /home/agroswift/public_html/wp-content/plugins/gosmtp/init.php:120
Stack trace:
#0 /home/agroswift/public_html/wp-includes/class-wp-hook.php(324): gosmtp_load_phpmailer(Array)
#1 /home/agroswift/public_html/wp-includes/plugin.php(205): WP_Hook->apply_filters(Array, Array)
#2 /home/agroswift/public_html/wp-includes/pluggable.php(192): apply_filters('wp_mail', Array)
#3 /home/agroswift/public_html/wp-content/plugins/contact-form-7/includes/mail.php(135): wp_mail('g5sfwdegdf8ixi@...', 'writing center ...', 'writing center ...', 'From: <info@agr...', Array)
#4 /home/agroswift/public_html/wp-content/plugins/contact-form-7/includes/mail.php(19): WPCF7_Mail->compose()
#5 /home/agroswift/public_html/wp-content/plugins/contact-form-7/includes/submission.php(474): WPCF7_Mail::send(Array, 'mail')
#6 /home/agroswift/public_html/wp-content/plugins/contact-form-7/includes/submission.php(92): WPCF7_Submission->mail()
#7 /home/agroswift/public_html/wp-content/plugins/contact-form-7/includes/submission.php(24): WPCF7_Submission->proceed()
#8 /home/agroswift/public_html/wp-content/plugins/contact-form-7/includes/contact-form.php(763): WPCF7_Submission::get_instance(Object(WPCF7_ContactForm), Array)
#9 /home/agroswift/public_html/wp-content/plugins/contact-form-7/includes/rest-api.php(321): WPCF7_ContactForm->submit()
#10 /home/agroswift/public_html/wp-includes/rest-api/class-wp-rest-server.php(1230): wpcf7_rest_create_feedback(Object(WP_REST_Request))
#11 /home/agroswift/public_html/wp-includes/rest-api/class-wp-rest-server.php(1063): WP_REST_Server->respond_to_request(Object(WP_REST_Request), '/contact-form-7...', Array, NULL)
#12 /home/agroswift/public_html/wp-includes/rest-api/class-wp-rest-server.php(439): WP_REST_Server->dispatch(Object(WP_REST_Request))
#13 /home/agroswift/public_html/wp-includes/rest-api.php(428): WP_REST_Server->serve_request('/contact-form-7...')
#14 /home/agroswift/public_html/wp-includes/class-wp-hook.php(324): rest_api_loaded(Object(WP))
#15 /home/agroswift/public_html/wp-includes/class-wp-hook.php(348): WP_Hook->apply_filters(NULL, Array)
#16 /home/agroswift/public_html/wp-includes/plugin.php(565): WP_Hook->do_action(Array)
#17 /home/agroswift/public_html/wp-includes/class-wp.php(418): do_action_ref_array('parse_request', Array)
#18 /home/agroswift/public_html/wp-includes/class-wp.php(813): WP->parse_request('')
#19 /home/agroswift/public_html/wp-includes/functions.php(1336): WP->main('')
#20 /home/agroswift/public_html/wp-blog-header.php(16): wp()
#21 /home/agroswift/public_html/index.php(17): require('/home/agroswift...')
#22 {main}
  thrown in /home/agroswift/public_html/wp-content/plugins/gosmtp/init.php on line 120

2025-04-04T15:38:41+00:00 CRITICAL Uncaught Error: Failed opening required '/home/agroswift/public_html/wp-includes/PHPMailer/PHPMailer.php' (include_path='.:/opt/cpanel/ea-php81/root/usr/share/pear') in /home/agroswift/public_html/wp-content/plugins/gosmtp/init.php:120
Stack trace:
#0 /home/agroswift/public_html/wp-includes/class-wp-hook.php(324): gosmtp_load_phpmailer(Array)
#1 /home/agroswift/public_html/wp-includes/plugin.php(205): WP_Hook->apply_filters(Array, Array)
#2 /home/agroswift/public_html/wp-includes/pluggable.php(192): apply_filters('wp_mail', Array)
#3 /home/agroswift/public_html/wp-content/plugins/contact-form-7/includes/mail.php(135): wp_mail('nasa@meteo.gold', '[url=https://ur...', '[url=https://ur...', 'From: <info@agr...', Array)
#4 /home/agroswift/public_html/wp-content/plugins/contact-form-7/includes/mail.php(19): WPCF7_Mail->compose()
#5 /home/agroswift/public_html/wp-content/plugins/contact-form-7/includes/submission.php(474): WPCF7_Mail::send(Array, 'mail')
#6 /home/agroswift/public_html/wp-content/plugins/contact-form-7/includes/submission.php(92): WPCF7_Submission->mail()
#7 /home/agroswift/public_html/wp-content/plugins/contact-form-7/includes/submission.php(24): WPCF7_Submission->proceed()
#8 /home/agroswift/public_html/wp-content/plugins/contact-form-7/includes/contact-form.php(763): WPCF7_Submission::get_instance(Object(WPCF7_ContactForm), Array)
#9 /home/agroswift/public_html/wp-content/plugins/contact-form-7/includes/rest-api.php(321): WPCF7_ContactForm->submit()
#10 /home/agroswift/public_html/wp-includes/rest-api/class-wp-rest-server.php(1230): wpcf7_rest_create_feedback(Object(WP_REST_Request))
#11 /home/agroswift/public_html/wp-includes/rest-api/class-wp-rest-server.php(1063): WP_REST_Server->respond_to_request(Object(WP_REST_Request), '/contact-form-7...', Array, NULL)
#12 /home/agroswift/public_html/wp-includes/rest-api/class-wp-rest-server.php(439): WP_REST_Server->dispatch(Object(WP_REST_Request))
#13 /home/agroswift/public_html/wp-includes/rest-api.php(428): WP_REST_Server->serve_request('/contact-form-7...')
#14 /home/agroswift/public_html/wp-includes/class-wp-hook.php(324): rest_api_loaded(Object(WP))
#15 /home/agroswift/public_html/wp-includes/class-wp-hook.php(348): WP_Hook->apply_filters(NULL, Array)
#16 /home/agroswift/public_html/wp-includes/plugin.php(565): WP_Hook->do_action(Array)
#17 /home/agroswift/public_html/wp-includes/class-wp.php(418): do_action_ref_array('parse_request', Array)
#18 /home/agroswift/public_html/wp-includes/class-wp.php(813): WP->parse_request('')
#19 /home/agroswift/public_html/wp-includes/functions.php(1336): WP->main('')
#20 /home/agroswift/public_html/wp-blog-header.php(16): wp()
#21 /home/agroswift/public_html/index.php(17): require('/home/agroswift...')
#22 {main}
  thrown in /home/agroswift/public_html/wp-content/plugins/gosmtp/init.php on line 120

2025-04-04T15:40:55+00:00 CRITICAL Uncaught Error: Failed opening required '/home/agroswift/public_html/wp-includes/PHPMailer/PHPMailer.php' (include_path='.:/opt/cpanel/ea-php81/root/usr/share/pear') in /home/agroswift/public_html/wp-content/plugins/gosmtp/init.php:120
Stack trace:
#0 /home/agroswift/public_html/wp-includes/class-wp-hook.php(324): gosmtp_load_phpmailer(Array)
#1 /home/agroswift/public_html/wp-includes/plugin.php(205): WP_Hook->apply_filters(Array, Array)
#2 /home/agroswift/public_html/wp-includes/pluggable.php(192): apply_filters('wp_mail', Array)
#3 /home/agroswift/public_html/wp-content/plugins/contact-form-7/includes/mail.php(135): wp_mail('skibumandy@gmai...', '\xD0\x9F\xD1\x80\xD1\x8B\xD0\xB2\xD1\x96\xD1\x82\xD0\xB0\xD0...', '\xD0\x9F\xD1\x80\xD1\x8B\xD0\xB2\xD1\x96\xD1\x82\xD0\xB0\xD0...', 'From: <info@agr...', Array)
#4 /home/agroswift/public_html/wp-content/plugins/contact-form-7/includes/mail.php(19): WPCF7_Mail->compose()
#5 /home/agroswift/public_html/wp-content/plugins/contact-form-7/includes/submission.php(474): WPCF7_Mail::send(Array, 'mail')
#6 /home/agroswift/public_html/wp-content/plugins/contact-form-7/includes/submission.php(92): WPCF7_Submission->mail()
#7 /home/agroswift/public_html/wp-content/plugins/contact-form-7/includes/submission.php(24): WPCF7_Submission->proceed()
#8 /home/agroswift/public_html/wp-content/plugins/contact-form-7/includes/contact-form.php(763): WPCF7_Submission::get_instance(Object(WPCF7_ContactForm), Array)
#9 /home/agroswift/public_html/wp-content/plugins/contact-form-7/includes/rest-api.php(321): WPCF7_ContactForm->submit()
#10 /home/agroswift/public_html/wp-includes/rest-api/class-wp-rest-server.php(1230): wpcf7_rest_create_feedback(Object(WP_REST_Request))
#11 /home/agroswift/public_html/wp-includes/rest-api/class-wp-rest-server.php(1063): WP_REST_Server->respond_to_request(Object(WP_REST_Request), '/contact-form-7...', Array, NULL)
#12 /home/agroswift/public_html/wp-includes/rest-api/class-wp-rest-server.php(439): WP_REST_Server->dispatch(Object(WP_REST_Request))
#13 /home/agroswift/public_html/wp-includes/rest-api.php(428): WP_REST_Server->serve_request('/contact-form-7...')
#14 /home/agroswift/public_html/wp-includes/class-wp-hook.php(324): rest_api_loaded(Object(WP))
#15 /home/agroswift/public_html/wp-includes/class-wp-hook.php(348): WP_Hook->apply_filters(NULL, Array)
#16 /home/agroswift/public_html/wp-includes/plugin.php(565): WP_Hook->do_action(Array)
#17 /home/agroswift/public_html/wp-includes/class-wp.php(418): do_action_ref_array('parse_request', Array)
#18 /home/agroswift/public_html/wp-includes/class-wp.php(813): WP->parse_request('')
#19 /home/agroswift/public_html/wp-includes/functions.php(1336): WP->main('')
#20 /home/agroswift/public_html/wp-blog-header.php(16): wp()
#21 /home/agroswift/public_html/index.php(17): require('/home/agroswift...')
#22 {main}
  thrown in /home/agroswift/public_html/wp-content/plugins/gosmtp/init.php on line 120

2025-04-04T16:29:11+00:00 CRITICAL Uncaught Error: Failed opening required '/home/agroswift/public_html/wp-includes/PHPMailer/PHPMailer.php' (include_path='.:/opt/cpanel/ea-php81/root/usr/share/pear') in /home/agroswift/public_html/wp-content/plugins/gosmtp/init.php:120
Stack trace:
#0 /home/agroswift/public_html/wp-includes/class-wp-hook.php(324): gosmtp_load_phpmailer(Array)
#1 /home/agroswift/public_html/wp-includes/plugin.php(205): WP_Hook->apply_filters(Array, Array)
#2 /home/agroswift/public_html/wp-includes/pluggable.php(192): apply_filters('wp_mail', Array)
#3 /home/agroswift/public_html/wp-content/plugins/contact-form-7/includes/mail.php(135): wp_mail('ramiraselezneva...', '\xD0\x9C\xD1\x8B \xD0\xBF\xD1\x80\xD0\xB5\xD0\xB4\xD1\x81...', '\xD0\x9C\xD1\x8B \xD0\xBF\xD1\x80\xD0\xB5\xD0\xB4\xD1\x81...', 'From: <info@agr...', Array)
#4 /home/agroswift/public_html/wp-content/plugins/contact-form-7/includes/mail.php(19): WPCF7_Mail->compose()
#5 /home/agroswift/public_html/wp-content/plugins/contact-form-7/includes/submission.php(474): WPCF7_Mail::send(Array, 'mail')
#6 /home/agroswift/public_html/wp-content/plugins/contact-form-7/includes/submission.php(92): WPCF7_Submission->mail()
#7 /home/agroswift/public_html/wp-content/plugins/contact-form-7/includes/submission.php(24): WPCF7_Submission->proceed()
#8 /home/agroswift/public_html/wp-content/plugins/contact-form-7/includes/contact-form.php(763): WPCF7_Submission::get_instance(Object(WPCF7_ContactForm), Array)
#9 /home/agroswift/public_html/wp-content/plugins/contact-form-7/includes/rest-api.php(321): WPCF7_ContactForm->submit()
#10 /home/agroswift/public_html/wp-includes/rest-api/class-wp-rest-server.php(1230): wpcf7_rest_create_feedback(Object(WP_REST_Request))
#11 /home/agroswift/public_html/wp-includes/rest-api/class-wp-rest-server.php(1063): WP_REST_Server->respond_to_request(Object(WP_REST_Request), '/contact-form-7...', Array, NULL)
#12 /home/agroswift/public_html/wp-includes/rest-api/class-wp-rest-server.php(439): WP_REST_Server->dispatch(Object(WP_REST_Request))
#13 /home/agroswift/public_html/wp-includes/rest-api.php(428): WP_REST_Server->serve_request('/contact-form-7...')
#14 /home/agroswift/public_html/wp-includes/class-wp-hook.php(324): rest_api_loaded(Object(WP))
#15 /home/agroswift/public_html/wp-includes/class-wp-hook.php(348): WP_Hook->apply_filters(NULL, Array)
#16 /home/agroswift/public_html/wp-includes/plugin.php(565): WP_Hook->do_action(Array)
#17 /home/agroswift/public_html/wp-includes/class-wp.php(418): do_action_ref_array('parse_request', Array)
#18 /home/agroswift/public_html/wp-includes/class-wp.php(813): WP->parse_request('')
#19 /home/agroswift/public_html/wp-includes/functions.php(1336): WP->main('')
#20 /home/agroswift/public_html/wp-blog-header.php(16): wp()
#21 /home/agroswift/public_html/index.php(17): require('/home/agroswift...')
#22 {main}
  thrown in /home/agroswift/public_html/wp-content/plugins/gosmtp/init.php on line 120

2025-04-04T20:21:37+00:00 CRITICAL Uncaught Error: Failed opening required '/home/agroswift/public_html/wp-includes/PHPMailer/PHPMailer.php' (include_path='.:/opt/cpanel/ea-php81/root/usr/share/pear') in /home/agroswift/public_html/wp-content/plugins/gosmtp/init.php:120
Stack trace:
#0 /home/agroswift/public_html/wp-includes/class-wp-hook.php(324): gosmtp_load_phpmailer(Array)
#1 /home/agroswift/public_html/wp-includes/plugin.php(205): WP_Hook->apply_filters(Array, Array)
#2 /home/agroswift/public_html/wp-includes/pluggable.php(192): apply_filters('wp_mail', Array)
#3 /home/agroswift/public_html/wp-content/plugins/contact-form-7/includes/mail.php(135): wp_mail('info@philandmax...', '\xE0\xA6\xB9\xE0\xA6\xBE\xE0\xA6\x87, \xE0\xA6\x86\xE0...', '\xE0\xA6\xB9\xE0\xA6\xBE\xE0\xA6\x87, \xE0\xA6\x86\xE0...', 'From: <info@agr...', Array)
#4 /home/agroswift/public_html/wp-content/plugins/contact-form-7/includes/mail.php(19): WPCF7_Mail->compose()
#5 /home/agroswift/public_html/wp-content/plugins/contact-form-7/includes/submission.php(474): WPCF7_Mail::send(Array, 'mail')
#6 /home/agroswift/public_html/wp-content/plugins/contact-form-7/includes/submission.php(92): WPCF7_Submission->mail()
#7 /home/agroswift/public_html/wp-content/plugins/contact-form-7/includes/submission.php(24): WPCF7_Submission->proceed()
#8 /home/agroswift/public_html/wp-content/plugins/contact-form-7/includes/contact-form.php(763): WPCF7_Submission::get_instance(Object(WPCF7_ContactForm), Array)
#9 /home/agroswift/public_html/wp-content/plugins/contact-form-7/includes/rest-api.php(321): WPCF7_ContactForm->submit()
#10 /home/agroswift/public_html/wp-includes/rest-api/class-wp-rest-server.php(1230): wpcf7_rest_create_feedback(Object(WP_REST_Request))
#11 /home/agroswift/public_html/wp-includes/rest-api/class-wp-rest-server.php(1063): WP_REST_Server->respond_to_request(Object(WP_REST_Request), '/contact-form-7...', Array, NULL)
#12 /home/agroswift/public_html/wp-includes/rest-api/class-wp-rest-server.php(439): WP_REST_Server->dispatch(Object(WP_REST_Request))
#13 /home/agroswift/public_html/wp-includes/rest-api.php(428): WP_REST_Server->serve_request('/contact-form-7...')
#14 /home/agroswift/public_html/wp-includes/class-wp-hook.php(324): rest_api_loaded(Object(WP))
#15 /home/agroswift/public_html/wp-includes/class-wp-hook.php(348): WP_Hook->apply_filters(NULL, Array)
#16 /home/agroswift/public_html/wp-includes/plugin.php(565): WP_Hook->do_action(Array)
#17 /home/agroswift/public_html/wp-includes/class-wp.php(418): do_action_ref_array('parse_request', Array)
#18 /home/agroswift/public_html/wp-includes/class-wp.php(813): WP->parse_request('')
#19 /home/agroswift/public_html/wp-includes/functions.php(1336): WP->main('')
#20 /home/agroswift/public_html/wp-blog-header.php(16): wp()
#21 /home/agroswift/public_html/index.php(17): require('/home/agroswift...')
#22 {main}
  thrown in /home/agroswift/public_html/wp-content/plugins/gosmtp/init.php on line 120

2025-04-04T20:41:15+00:00 CRITICAL Uncaught Error: Failed opening required '/home/agroswift/public_html/wp-includes/PHPMailer/PHPMailer.php' (include_path='.:/opt/cpanel/ea-php81/root/usr/share/pear') in /home/agroswift/public_html/wp-content/plugins/gosmtp/init.php:120
Stack trace:
#0 /home/agroswift/public_html/wp-includes/class-wp-hook.php(324): gosmtp_load_phpmailer(Array)
#1 /home/agroswift/public_html/wp-includes/plugin.php(205): WP_Hook->apply_filters(Array, Array)
#2 /home/agroswift/public_html/wp-includes/pluggable.php(192): apply_filters('wp_mail', Array)
#3 /home/agroswift/public_html/wp-content/plugins/contact-form-7/includes/mail.php(135): wp_mail('jackcsweet00@gm...', '\xE0\xA6\xB9\xE0\xA6\xBE\xE0\xA6\x87, \xE0\xA6\x86\xE0...', '\xE0\xA6\xB9\xE0\xA6\xBE\xE0\xA6\x87, \xE0\xA6\x86\xE0...', 'From: <info@agr...', Array)
#4 /home/agroswift/public_html/wp-content/plugins/contact-form-7/includes/mail.php(19): WPCF7_Mail->compose()
#5 /home/agroswift/public_html/wp-content/plugins/contact-form-7/includes/submission.php(474): WPCF7_Mail::send(Array, 'mail')
#6 /home/agroswift/public_html/wp-content/plugins/contact-form-7/includes/submission.php(92): WPCF7_Submission->mail()
#7 /home/agroswift/public_html/wp-content/plugins/contact-form-7/includes/submission.php(24): WPCF7_Submission->proceed()
#8 /home/agroswift/public_html/wp-content/plugins/contact-form-7/includes/contact-form.php(763): WPCF7_Submission::get_instance(Object(WPCF7_ContactForm), Array)
#9 /home/agroswift/public_html/wp-content/plugins/contact-form-7/includes/rest-api.php(321): WPCF7_ContactForm->submit()
#10 /home/agroswift/public_html/wp-includes/rest-api/class-wp-rest-server.php(1230): wpcf7_rest_create_feedback(Object(WP_REST_Request))
#11 /home/agroswift/public_html/wp-includes/rest-api/class-wp-rest-server.php(1063): WP_REST_Server->respond_to_request(Object(WP_REST_Request), '/contact-form-7...', Array, NULL)
#12 /home/agroswift/public_html/wp-includes/rest-api/class-wp-rest-server.php(439): WP_REST_Server->dispatch(Object(WP_REST_Request))
#13 /home/agroswift/public_html/wp-includes/rest-api.php(428): WP_REST_Server->serve_request('/contact-form-7...')
#14 /home/agroswift/public_html/wp-includes/class-wp-hook.php(324): rest_api_loaded(Object(WP))
#15 /home/agroswift/public_html/wp-includes/class-wp-hook.php(348): WP_Hook->apply_filters(NULL, Array)
#16 /home/agroswift/public_html/wp-includes/plugin.php(565): WP_Hook->do_action(Array)
#17 /home/agroswift/public_html/wp-includes/class-wp.php(418): do_action_ref_array('parse_request', Array)
#18 /home/agroswift/public_html/wp-includes/class-wp.php(813): WP->parse_request('')
#19 /home/agroswift/public_html/wp-includes/functions.php(1336): WP->main('')
#20 /home/agroswift/public_html/wp-blog-header.php(16): wp()
#21 /home/agroswift/public_html/index.php(17): require('/home/agroswift...')
#22 {main}
  thrown in /home/agroswift/public_html/wp-content/plugins/gosmtp/init.php on line 120

2025-04-04T21:23:35+00:00 CRITICAL Uncaught Error: Failed opening required '/home/agroswift/public_html/wp-includes/PHPMailer/PHPMailer.php' (include_path='.:/opt/cpanel/ea-php81/root/usr/share/pear') in /home/agroswift/public_html/wp-content/plugins/gosmtp/init.php:120
Stack trace:
#0 /home/agroswift/public_html/wp-includes/class-wp-hook.php(324): gosmtp_load_phpmailer(Array)
#1 /home/agroswift/public_html/wp-includes/plugin.php(205): WP_Hook->apply_filters(Array, Array)
#2 /home/agroswift/public_html/wp-includes/pluggable.php(192): apply_filters('wp_mail', Array)
#3 /home/agroswift/public_html/wp-content/plugins/contact-form-7/includes/mail.php(135): wp_mail('fkimhsen@oonmai...', 'Critics say thi...', 'Critics say thi...', 'From: <info@agr...', Array)
#4 /home/agroswift/public_html/wp-content/plugins/contact-form-7/includes/mail.php(19): WPCF7_Mail->compose()
#5 /home/agroswift/public_html/wp-content/plugins/contact-form-7/includes/submission.php(474): WPCF7_Mail::send(Array, 'mail')
#6 /home/agroswift/public_html/wp-content/plugins/contact-form-7/includes/submission.php(92): WPCF7_Submission->mail()
#7 /home/agroswift/public_html/wp-content/plugins/contact-form-7/includes/submission.php(24): WPCF7_Submission->proceed()
#8 /home/agroswift/public_html/wp-content/plugins/contact-form-7/includes/contact-form.php(763): WPCF7_Submission::get_instance(Object(WPCF7_ContactForm), Array)
#9 /home/agroswift/public_html/wp-content/plugins/contact-form-7/includes/rest-api.php(321): WPCF7_ContactForm->submit()
#10 /home/agroswift/public_html/wp-includes/rest-api/class-wp-rest-server.php(1230): wpcf7_rest_create_feedback(Object(WP_REST_Request))
#11 /home/agroswift/public_html/wp-includes/rest-api/class-wp-rest-server.php(1063): WP_REST_Server->respond_to_request(Object(WP_REST_Request), '/contact-form-7...', Array, NULL)
#12 /home/agroswift/public_html/wp-includes/rest-api/class-wp-rest-server.php(439): WP_REST_Server->dispatch(Object(WP_REST_Request))
#13 /home/agroswift/public_html/wp-includes/rest-api.php(428): WP_REST_Server->serve_request('/contact-form-7...')
#14 /home/agroswift/public_html/wp-includes/class-wp-hook.php(324): rest_api_loaded(Object(WP))
#15 /home/agroswift/public_html/wp-includes/class-wp-hook.php(348): WP_Hook->apply_filters(NULL, Array)
#16 /home/agroswift/public_html/wp-includes/plugin.php(565): WP_Hook->do_action(Array)
#17 /home/agroswift/public_html/wp-includes/class-wp.php(418): do_action_ref_array('parse_request', Array)
#18 /home/agroswift/public_html/wp-includes/class-wp.php(813): WP->parse_request('')
#19 /home/agroswift/public_html/wp-includes/functions.php(1336): WP->main('')
#20 /home/agroswift/public_html/wp-blog-header.php(16): wp()
#21 /home/agroswift/public_html/index.php(17): require('/home/agroswift...')
#22 {main}
  thrown in /home/agroswift/public_html/wp-content/plugins/gosmtp/init.php on line 120

