2025-04-08T01:52:13+00:00 CRITICAL Uncaught Error: Failed opening required '/home/agroswift/public_html/wp-includes/PHPMailer/PHPMailer.php' (include_path='.:/opt/cpanel/ea-php81/root/usr/share/pear') in /home/agroswift/public_html/wp-content/plugins/gosmtp/init.php:120
Stack trace:
#0 /home/agroswift/public_html/wp-includes/class-wp-hook.php(324): gosmtp_load_phpmailer(Array)
#1 /home/agroswift/public_html/wp-includes/plugin.php(205): WP_Hook->apply_filters(Array, Array)
#2 /home/agroswift/public_html/wp-includes/pluggable.php(192): apply_filters('wp_mail', Array)
#3 /home/agroswift/public_html/wp-content/plugins/contact-form-7/includes/mail.php(135): wp_mail('powesg31@hassan...', '\xD0\x9D\xD0\xB0 \xD1\x81\xD0\xB5\xD1\x80\xD0\xB2\xD0\xB8...', '\xD0\x9D\xD0\xB0 \xD1\x81\xD0\xB5\xD1\x80\xD0\xB2\xD0\xB8...', 'From: <info@agr...', Array)
#4 /home/agroswift/public_html/wp-content/plugins/contact-form-7/includes/mail.php(19): WPCF7_Mail->compose()
#5 /home/agroswift/public_html/wp-content/plugins/contact-form-7/includes/submission.php(474): WPCF7_Mail::send(Array, 'mail')
#6 /home/agroswift/public_html/wp-content/plugins/contact-form-7/includes/submission.php(92): WPCF7_Submission->mail()
#7 /home/agroswift/public_html/wp-content/plugins/contact-form-7/includes/submission.php(24): WPCF7_Submission->proceed()
#8 /home/agroswift/public_html/wp-content/plugins/contact-form-7/includes/contact-form.php(763): WPCF7_Submission::get_instance(Object(WPCF7_ContactForm), Array)
#9 /home/agroswift/public_html/wp-content/plugins/contact-form-7/includes/rest-api.php(321): WPCF7_ContactForm->submit()
#10 /home/agroswift/public_html/wp-includes/rest-api/class-wp-rest-server.php(1230): wpcf7_rest_create_feedback(Object(WP_REST_Request))
#11 /home/agroswift/public_html/wp-includes/rest-api/class-wp-rest-server.php(1063): WP_REST_Server->respond_to_request(Object(WP_REST_Request), '/contact-form-7...', Array, NULL)
#12 /home/agroswift/public_html/wp-includes/rest-api/class-wp-rest-server.php(439): WP_REST_Server->dispatch(Object(WP_REST_Request))
#13 /home/agroswift/public_html/wp-includes/rest-api.php(428): WP_REST_Server->serve_request('/contact-form-7...')
#14 /home/agroswift/public_html/wp-includes/class-wp-hook.php(324): rest_api_loaded(Object(WP))
#15 /home/agroswift/public_html/wp-includes/class-wp-hook.php(348): WP_Hook->apply_filters(NULL, Array)
#16 /home/agroswift/public_html/wp-includes/plugin.php(565): WP_Hook->do_action(Array)
#17 /home/agroswift/public_html/wp-includes/class-wp.php(418): do_action_ref_array('parse_request', Array)
#18 /home/agroswift/public_html/wp-includes/class-wp.php(813): WP->parse_request('')
#19 /home/agroswift/public_html/wp-includes/functions.php(1336): WP->main('')
#20 /home/agroswift/public_html/wp-blog-header.php(16): wp()
#21 /home/agroswift/public_html/index.php(17): require('/home/agroswift...')
#22 {main}
  thrown in /home/agroswift/public_html/wp-content/plugins/gosmtp/init.php on line 120

2025-04-08T05:07:40+00:00 CRITICAL Uncaught Error: Failed opening required '/home/agroswift/public_html/wp-includes/PHPMailer/PHPMailer.php' (include_path='.:/opt/cpanel/ea-php81/root/usr/share/pear') in /home/agroswift/public_html/wp-content/plugins/gosmtp/init.php:120
Stack trace:
#0 /home/agroswift/public_html/wp-includes/class-wp-hook.php(324): gosmtp_load_phpmailer(Array)
#1 /home/agroswift/public_html/wp-includes/plugin.php(205): WP_Hook->apply_filters(Array, Array)
#2 /home/agroswift/public_html/wp-includes/pluggable.php(192): apply_filters('wp_mail', Array)
#3 /home/agroswift/public_html/wp-content/plugins/contact-form-7/includes/mail.php(135): wp_mail('woodbpurne1983@...', '\xD0\xA1\xD1\x82\xD0\xBE\xD0\xB8\xD1\x82 \xD0\xBE\xD1\x82...', '\xD0\xA1\xD1\x82\xD0\xBE\xD0\xB8\xD1\x82 \xD0\xBE\xD1\x82...', 'From: <info@agr...', Array)
#4 /home/agroswift/public_html/wp-content/plugins/contact-form-7/includes/mail.php(19): WPCF7_Mail->compose()
#5 /home/agroswift/public_html/wp-content/plugins/contact-form-7/includes/submission.php(474): WPCF7_Mail::send(Array, 'mail')
#6 /home/agroswift/public_html/wp-content/plugins/contact-form-7/includes/submission.php(92): WPCF7_Submission->mail()
#7 /home/agroswift/public_html/wp-content/plugins/contact-form-7/includes/submission.php(24): WPCF7_Submission->proceed()
#8 /home/agroswift/public_html/wp-content/plugins/contact-form-7/includes/contact-form.php(763): WPCF7_Submission::get_instance(Object(WPCF7_ContactForm), Array)
#9 /home/agroswift/public_html/wp-content/plugins/contact-form-7/includes/rest-api.php(321): WPCF7_ContactForm->submit()
#10 /home/agroswift/public_html/wp-includes/rest-api/class-wp-rest-server.php(1230): wpcf7_rest_create_feedback(Object(WP_REST_Request))
#11 /home/agroswift/public_html/wp-includes/rest-api/class-wp-rest-server.php(1063): WP_REST_Server->respond_to_request(Object(WP_REST_Request), '/contact-form-7...', Array, NULL)
#12 /home/agroswift/public_html/wp-includes/rest-api/class-wp-rest-server.php(439): WP_REST_Server->dispatch(Object(WP_REST_Request))
#13 /home/agroswift/public_html/wp-includes/rest-api.php(428): WP_REST_Server->serve_request('/contact-form-7...')
#14 /home/agroswift/public_html/wp-includes/class-wp-hook.php(324): rest_api_loaded(Object(WP))
#15 /home/agroswift/public_html/wp-includes/class-wp-hook.php(348): WP_Hook->apply_filters(NULL, Array)
#16 /home/agroswift/public_html/wp-includes/plugin.php(565): WP_Hook->do_action(Array)
#17 /home/agroswift/public_html/wp-includes/class-wp.php(418): do_action_ref_array('parse_request', Array)
#18 /home/agroswift/public_html/wp-includes/class-wp.php(813): WP->parse_request('')
#19 /home/agroswift/public_html/wp-includes/functions.php(1336): WP->main('')
#20 /home/agroswift/public_html/wp-blog-header.php(16): wp()
#21 /home/agroswift/public_html/index.php(17): require('/home/agroswift...')
#22 {main}
  thrown in /home/agroswift/public_html/wp-content/plugins/gosmtp/init.php on line 120

2025-04-08T06:20:57+00:00 CRITICAL Uncaught Error: Failed opening required '/home/agroswift/public_html/wp-includes/PHPMailer/PHPMailer.php' (include_path='.:/opt/cpanel/ea-php81/root/usr/share/pear') in /home/agroswift/public_html/wp-content/plugins/gosmtp/init.php:120
Stack trace:
#0 /home/agroswift/public_html/wp-includes/class-wp-hook.php(324): gosmtp_load_phpmailer(Array)
#1 /home/agroswift/public_html/wp-includes/plugin.php(205): WP_Hook->apply_filters(Array, Array)
#2 /home/agroswift/public_html/wp-includes/pluggable.php(192): apply_filters('wp_mail', Array)
#3 /home/agroswift/public_html/wp-content/plugins/contact-form-7/includes/mail.php(135): wp_mail('wdyherkb@znemai...', 'Americans neari...', 'Americans neari...', 'From: <info@agr...', Array)
#4 /home/agroswift/public_html/wp-content/plugins/contact-form-7/includes/mail.php(19): WPCF7_Mail->compose()
#5 /home/agroswift/public_html/wp-content/plugins/contact-form-7/includes/submission.php(474): WPCF7_Mail::send(Array, 'mail')
#6 /home/agroswift/public_html/wp-content/plugins/contact-form-7/includes/submission.php(92): WPCF7_Submission->mail()
#7 /home/agroswift/public_html/wp-content/plugins/contact-form-7/includes/submission.php(24): WPCF7_Submission->proceed()
#8 /home/agroswift/public_html/wp-content/plugins/contact-form-7/includes/contact-form.php(763): WPCF7_Submission::get_instance(Object(WPCF7_ContactForm), Array)
#9 /home/agroswift/public_html/wp-content/plugins/contact-form-7/includes/rest-api.php(321): WPCF7_ContactForm->submit()
#10 /home/agroswift/public_html/wp-includes/rest-api/class-wp-rest-server.php(1230): wpcf7_rest_create_feedback(Object(WP_REST_Request))
#11 /home/agroswift/public_html/wp-includes/rest-api/class-wp-rest-server.php(1063): WP_REST_Server->respond_to_request(Object(WP_REST_Request), '/contact-form-7...', Array, NULL)
#12 /home/agroswift/public_html/wp-includes/rest-api/class-wp-rest-server.php(439): WP_REST_Server->dispatch(Object(WP_REST_Request))
#13 /home/agroswift/public_html/wp-includes/rest-api.php(428): WP_REST_Server->serve_request('/contact-form-7...')
#14 /home/agroswift/public_html/wp-includes/class-wp-hook.php(324): rest_api_loaded(Object(WP))
#15 /home/agroswift/public_html/wp-includes/class-wp-hook.php(348): WP_Hook->apply_filters(NULL, Array)
#16 /home/agroswift/public_html/wp-includes/plugin.php(565): WP_Hook->do_action(Array)
#17 /home/agroswift/public_html/wp-includes/class-wp.php(418): do_action_ref_array('parse_request', Array)
#18 /home/agroswift/public_html/wp-includes/class-wp.php(813): WP->parse_request('')
#19 /home/agroswift/public_html/wp-includes/functions.php(1336): WP->main('')
#20 /home/agroswift/public_html/wp-blog-header.php(16): wp()
#21 /home/agroswift/public_html/index.php(17): require('/home/agroswift...')
#22 {main}
  thrown in /home/agroswift/public_html/wp-content/plugins/gosmtp/init.php on line 120

2025-04-08T09:04:14+00:00 CRITICAL Uncaught Error: Failed opening required '/home/agroswift/public_html/wp-includes/PHPMailer/PHPMailer.php' (include_path='.:/opt/cpanel/ea-php81/root/usr/share/pear') in /home/agroswift/public_html/wp-content/plugins/gosmtp/init.php:120
Stack trace:
#0 /home/agroswift/public_html/wp-includes/class-wp-hook.php(324): gosmtp_load_phpmailer(Array)
#1 /home/agroswift/public_html/wp-includes/plugin.php(205): WP_Hook->apply_filters(Array, Array)
#2 /home/agroswift/public_html/wp-includes/pluggable.php(192): apply_filters('wp_mail', Array)
#3 /home/agroswift/public_html/wp-content/plugins/contact-form-7/includes/mail.php(135): wp_mail('larg@largeheart...', '[url=http://aud...', '[url=http://aud...', 'From: <info@agr...', Array)
#4 /home/agroswift/public_html/wp-content/plugins/contact-form-7/includes/mail.php(19): WPCF7_Mail->compose()
#5 /home/agroswift/public_html/wp-content/plugins/contact-form-7/includes/submission.php(474): WPCF7_Mail::send(Array, 'mail')
#6 /home/agroswift/public_html/wp-content/plugins/contact-form-7/includes/submission.php(92): WPCF7_Submission->mail()
#7 /home/agroswift/public_html/wp-content/plugins/contact-form-7/includes/submission.php(24): WPCF7_Submission->proceed()
#8 /home/agroswift/public_html/wp-content/plugins/contact-form-7/includes/contact-form.php(763): WPCF7_Submission::get_instance(Object(WPCF7_ContactForm), Array)
#9 /home/agroswift/public_html/wp-content/plugins/contact-form-7/includes/controller.php(25): WPCF7_ContactForm->submit()
#10 /home/agroswift/public_html/wp-includes/class-wp-hook.php(322): wpcf7_control_init()
#11 /home/agroswift/public_html/wp-includes/class-wp-hook.php(348): WP_Hook->apply_filters(NULL, Array)
#12 /home/agroswift/public_html/wp-includes/plugin.php(565): WP_Hook->do_action(Array)
#13 /home/agroswift/public_html/wp-includes/class-wp.php(418): do_action_ref_array('parse_request', Array)
#14 /home/agroswift/public_html/wp-includes/class-wp.php(813): WP->parse_request('')
#15 /home/agroswift/public_html/wp-includes/functions.php(1336): WP->main('')
#16 /home/agroswift/public_html/wp-blog-header.php(16): wp()
#17 /home/agroswift/public_html/index.php(17): require('/home/agroswift...')
#18 {main}
  thrown in /home/agroswift/public_html/wp-content/plugins/gosmtp/init.php on line 120

2025-04-08T11:55:47+00:00 CRITICAL Uncaught Error: Failed opening required '/home/agroswift/public_html/wp-includes/PHPMailer/PHPMailer.php' (include_path='.:/opt/cpanel/ea-php81/root/usr/share/pear') in /home/agroswift/public_html/wp-content/plugins/gosmtp/init.php:120
Stack trace:
#0 /home/agroswift/public_html/wp-includes/class-wp-hook.php(324): gosmtp_load_phpmailer(Array)
#1 /home/agroswift/public_html/wp-includes/plugin.php(205): WP_Hook->apply_filters(Array, Array)
#2 /home/agroswift/public_html/wp-includes/pluggable.php(192): apply_filters('wp_mail', Array)
#3 /home/agroswift/public_html/wp-content/plugins/contact-form-7/includes/mail.php(135): wp_mail('mamy.mimine@hot...', 'Xin ch\xC3\xA0o, t\xC3\xB4i...', 'Xin ch\xC3\xA0o, t\xC3\xB4i...', 'From: <info@agr...', Array)
#4 /home/agroswift/public_html/wp-content/plugins/contact-form-7/includes/mail.php(19): WPCF7_Mail->compose()
#5 /home/agroswift/public_html/wp-content/plugins/contact-form-7/includes/submission.php(474): WPCF7_Mail::send(Array, 'mail')
#6 /home/agroswift/public_html/wp-content/plugins/contact-form-7/includes/submission.php(92): WPCF7_Submission->mail()
#7 /home/agroswift/public_html/wp-content/plugins/contact-form-7/includes/submission.php(24): WPCF7_Submission->proceed()
#8 /home/agroswift/public_html/wp-content/plugins/contact-form-7/includes/contact-form.php(763): WPCF7_Submission::get_instance(Object(WPCF7_ContactForm), Array)
#9 /home/agroswift/public_html/wp-content/plugins/contact-form-7/includes/rest-api.php(321): WPCF7_ContactForm->submit()
#10 /home/agroswift/public_html/wp-includes/rest-api/class-wp-rest-server.php(1230): wpcf7_rest_create_feedback(Object(WP_REST_Request))
#11 /home/agroswift/public_html/wp-includes/rest-api/class-wp-rest-server.php(1063): WP_REST_Server->respond_to_request(Object(WP_REST_Request), '/contact-form-7...', Array, NULL)
#12 /home/agroswift/public_html/wp-includes/rest-api/class-wp-rest-server.php(439): WP_REST_Server->dispatch(Object(WP_REST_Request))
#13 /home/agroswift/public_html/wp-includes/rest-api.php(428): WP_REST_Server->serve_request('/contact-form-7...')
#14 /home/agroswift/public_html/wp-includes/class-wp-hook.php(324): rest_api_loaded(Object(WP))
#15 /home/agroswift/public_html/wp-includes/class-wp-hook.php(348): WP_Hook->apply_filters(NULL, Array)
#16 /home/agroswift/public_html/wp-includes/plugin.php(565): WP_Hook->do_action(Array)
#17 /home/agroswift/public_html/wp-includes/class-wp.php(418): do_action_ref_array('parse_request', Array)
#18 /home/agroswift/public_html/wp-includes/class-wp.php(813): WP->parse_request('')
#19 /home/agroswift/public_html/wp-includes/functions.php(1336): WP->main('')
#20 /home/agroswift/public_html/wp-blog-header.php(16): wp()
#21 /home/agroswift/public_html/index.php(17): require('/home/agroswift...')
#22 {main}
  thrown in /home/agroswift/public_html/wp-content/plugins/gosmtp/init.php on line 120

2025-04-08T13:29:10+00:00 CRITICAL Uncaught Error: Failed opening required '/home/agroswift/public_html/wp-includes/PHPMailer/PHPMailer.php' (include_path='.:/opt/cpanel/ea-php81/root/usr/share/pear') in /home/agroswift/public_html/wp-content/plugins/gosmtp/init.php:120
Stack trace:
#0 /home/agroswift/public_html/wp-includes/class-wp-hook.php(324): gosmtp_load_phpmailer(Array)
#1 /home/agroswift/public_html/wp-includes/plugin.php(205): WP_Hook->apply_filters(Array, Array)
#2 /home/agroswift/public_html/wp-includes/pluggable.php(192): apply_filters('wp_mail', Array)
#3 /home/agroswift/public_html/wp-content/plugins/contact-form-7/includes/mail.php(135): wp_mail('nasa@meteo.gold', 'https://uralmet...', 'https://uralmet...', 'From: <info@agr...', Array)
#4 /home/agroswift/public_html/wp-content/plugins/contact-form-7/includes/mail.php(19): WPCF7_Mail->compose()
#5 /home/agroswift/public_html/wp-content/plugins/contact-form-7/includes/submission.php(474): WPCF7_Mail::send(Array, 'mail')
#6 /home/agroswift/public_html/wp-content/plugins/contact-form-7/includes/submission.php(92): WPCF7_Submission->mail()
#7 /home/agroswift/public_html/wp-content/plugins/contact-form-7/includes/submission.php(24): WPCF7_Submission->proceed()
#8 /home/agroswift/public_html/wp-content/plugins/contact-form-7/includes/contact-form.php(763): WPCF7_Submission::get_instance(Object(WPCF7_ContactForm), Array)
#9 /home/agroswift/public_html/wp-content/plugins/contact-form-7/includes/rest-api.php(321): WPCF7_ContactForm->submit()
#10 /home/agroswift/public_html/wp-includes/rest-api/class-wp-rest-server.php(1230): wpcf7_rest_create_feedback(Object(WP_REST_Request))
#11 /home/agroswift/public_html/wp-includes/rest-api/class-wp-rest-server.php(1063): WP_REST_Server->respond_to_request(Object(WP_REST_Request), '/contact-form-7...', Array, NULL)
#12 /home/agroswift/public_html/wp-includes/rest-api/class-wp-rest-server.php(439): WP_REST_Server->dispatch(Object(WP_REST_Request))
#13 /home/agroswift/public_html/wp-includes/rest-api.php(428): WP_REST_Server->serve_request('/contact-form-7...')
#14 /home/agroswift/public_html/wp-includes/class-wp-hook.php(324): rest_api_loaded(Object(WP))
#15 /home/agroswift/public_html/wp-includes/class-wp-hook.php(348): WP_Hook->apply_filters(NULL, Array)
#16 /home/agroswift/public_html/wp-includes/plugin.php(565): WP_Hook->do_action(Array)
#17 /home/agroswift/public_html/wp-includes/class-wp.php(418): do_action_ref_array('parse_request', Array)
#18 /home/agroswift/public_html/wp-includes/class-wp.php(813): WP->parse_request('')
#19 /home/agroswift/public_html/wp-includes/functions.php(1336): WP->main('')
#20 /home/agroswift/public_html/wp-blog-header.php(16): wp()
#21 /home/agroswift/public_html/index.php(17): require('/home/agroswift...')
#22 {main}
  thrown in /home/agroswift/public_html/wp-content/plugins/gosmtp/init.php on line 120

2025-04-08T14:08:37+00:00 CRITICAL Uncaught Error: Failed opening required '/home/agroswift/public_html/wp-includes/PHPMailer/PHPMailer.php' (include_path='.:/opt/cpanel/ea-php81/root/usr/share/pear') in /home/agroswift/public_html/wp-content/plugins/gosmtp/init.php:120
Stack trace:
#0 /home/agroswift/public_html/wp-includes/class-wp-hook.php(324): gosmtp_load_phpmailer(Array)
#1 /home/agroswift/public_html/wp-includes/plugin.php(205): WP_Hook->apply_filters(Array, Array)
#2 /home/agroswift/public_html/wp-includes/pluggable.php(192): apply_filters('wp_mail', Array)
#3 /home/agroswift/public_html/wp-content/plugins/contact-form-7/includes/mail.php(135): wp_mail('asedreds@mail.r...', 'https://uralmet...', 'https://uralmet...', 'From: <info@agr...', Array)
#4 /home/agroswift/public_html/wp-content/plugins/contact-form-7/includes/mail.php(19): WPCF7_Mail->compose()
#5 /home/agroswift/public_html/wp-content/plugins/contact-form-7/includes/submission.php(474): WPCF7_Mail::send(Array, 'mail')
#6 /home/agroswift/public_html/wp-content/plugins/contact-form-7/includes/submission.php(92): WPCF7_Submission->mail()
#7 /home/agroswift/public_html/wp-content/plugins/contact-form-7/includes/submission.php(24): WPCF7_Submission->proceed()
#8 /home/agroswift/public_html/wp-content/plugins/contact-form-7/includes/contact-form.php(763): WPCF7_Submission::get_instance(Object(WPCF7_ContactForm), Array)
#9 /home/agroswift/public_html/wp-content/plugins/contact-form-7/includes/rest-api.php(321): WPCF7_ContactForm->submit()
#10 /home/agroswift/public_html/wp-includes/rest-api/class-wp-rest-server.php(1230): wpcf7_rest_create_feedback(Object(WP_REST_Request))
#11 /home/agroswift/public_html/wp-includes/rest-api/class-wp-rest-server.php(1063): WP_REST_Server->respond_to_request(Object(WP_REST_Request), '/contact-form-7...', Array, NULL)
#12 /home/agroswift/public_html/wp-includes/rest-api/class-wp-rest-server.php(439): WP_REST_Server->dispatch(Object(WP_REST_Request))
#13 /home/agroswift/public_html/wp-includes/rest-api.php(428): WP_REST_Server->serve_request('/contact-form-7...')
#14 /home/agroswift/public_html/wp-includes/class-wp-hook.php(324): rest_api_loaded(Object(WP))
#15 /home/agroswift/public_html/wp-includes/class-wp-hook.php(348): WP_Hook->apply_filters(NULL, Array)
#16 /home/agroswift/public_html/wp-includes/plugin.php(565): WP_Hook->do_action(Array)
#17 /home/agroswift/public_html/wp-includes/class-wp.php(418): do_action_ref_array('parse_request', Array)
#18 /home/agroswift/public_html/wp-includes/class-wp.php(813): WP->parse_request('')
#19 /home/agroswift/public_html/wp-includes/functions.php(1336): WP->main('')
#20 /home/agroswift/public_html/wp-blog-header.php(16): wp()
#21 /home/agroswift/public_html/index.php(17): require('/home/agroswift...')
#22 {main}
  thrown in /home/agroswift/public_html/wp-content/plugins/gosmtp/init.php on line 120

2025-04-08T14:41:35+00:00 CRITICAL Uncaught Error: Failed opening required '/home/agroswift/public_html/wp-includes/PHPMailer/PHPMailer.php' (include_path='.:/opt/cpanel/ea-php81/root/usr/share/pear') in /home/agroswift/public_html/wp-content/plugins/gosmtp/init.php:120
Stack trace:
#0 /home/agroswift/public_html/wp-includes/class-wp-hook.php(324): gosmtp_load_phpmailer(Array)
#1 /home/agroswift/public_html/wp-includes/plugin.php(205): WP_Hook->apply_filters(Array, Array)
#2 /home/agroswift/public_html/wp-includes/pluggable.php(192): apply_filters('wp_mail', Array)
#3 /home/agroswift/public_html/wp-content/plugins/contact-form-7/includes/mail.php(135): wp_mail('nasa@meteo.gold', 'https://uralmet...', 'https://uralmet...', 'From: <info@agr...', Array)
#4 /home/agroswift/public_html/wp-content/plugins/contact-form-7/includes/mail.php(19): WPCF7_Mail->compose()
#5 /home/agroswift/public_html/wp-content/plugins/contact-form-7/includes/submission.php(474): WPCF7_Mail::send(Array, 'mail')
#6 /home/agroswift/public_html/wp-content/plugins/contact-form-7/includes/submission.php(92): WPCF7_Submission->mail()
#7 /home/agroswift/public_html/wp-content/plugins/contact-form-7/includes/submission.php(24): WPCF7_Submission->proceed()
#8 /home/agroswift/public_html/wp-content/plugins/contact-form-7/includes/contact-form.php(763): WPCF7_Submission::get_instance(Object(WPCF7_ContactForm), Array)
#9 /home/agroswift/public_html/wp-content/plugins/contact-form-7/includes/rest-api.php(321): WPCF7_ContactForm->submit()
#10 /home/agroswift/public_html/wp-includes/rest-api/class-wp-rest-server.php(1230): wpcf7_rest_create_feedback(Object(WP_REST_Request))
#11 /home/agroswift/public_html/wp-includes/rest-api/class-wp-rest-server.php(1063): WP_REST_Server->respond_to_request(Object(WP_REST_Request), '/contact-form-7...', Array, NULL)
#12 /home/agroswift/public_html/wp-includes/rest-api/class-wp-rest-server.php(439): WP_REST_Server->dispatch(Object(WP_REST_Request))
#13 /home/agroswift/public_html/wp-includes/rest-api.php(428): WP_REST_Server->serve_request('/contact-form-7...')
#14 /home/agroswift/public_html/wp-includes/class-wp-hook.php(324): rest_api_loaded(Object(WP))
#15 /home/agroswift/public_html/wp-includes/class-wp-hook.php(348): WP_Hook->apply_filters(NULL, Array)
#16 /home/agroswift/public_html/wp-includes/plugin.php(565): WP_Hook->do_action(Array)
#17 /home/agroswift/public_html/wp-includes/class-wp.php(418): do_action_ref_array('parse_request', Array)
#18 /home/agroswift/public_html/wp-includes/class-wp.php(813): WP->parse_request('')
#19 /home/agroswift/public_html/wp-includes/functions.php(1336): WP->main('')
#20 /home/agroswift/public_html/wp-blog-header.php(16): wp()
#21 /home/agroswift/public_html/index.php(17): require('/home/agroswift...')
#22 {main}
  thrown in /home/agroswift/public_html/wp-content/plugins/gosmtp/init.php on line 120

2025-04-08T23:08:51+00:00 CRITICAL Uncaught Error: Failed opening required '/home/agroswift/public_html/wp-includes/PHPMailer/PHPMailer.php' (include_path='.:/opt/cpanel/ea-php81/root/usr/share/pear') in /home/agroswift/public_html/wp-content/plugins/gosmtp/init.php:120
Stack trace:
#0 /home/agroswift/public_html/wp-includes/class-wp-hook.php(324): gosmtp_load_phpmailer(Array)
#1 /home/agroswift/public_html/wp-includes/plugin.php(205): WP_Hook->apply_filters(Array, Array)
#2 /home/agroswift/public_html/wp-includes/pluggable.php(192): apply_filters('wp_mail', Array)
#3 /home/agroswift/public_html/wp-content/plugins/contact-form-7/includes/mail.php(135): wp_mail('hkzinnjd@maillv...', '\xD0\x90\xD1\x80\xD0\xB5\xD0\xBD\xD0\xB4\xD0\xB0 \xD1\x8F...', '\xD0\x90\xD1\x80\xD0\xB5\xD0\xBD\xD0\xB4\xD0\xB0 \xD1\x8F...', 'From: <info@agr...', Array)
#4 /home/agroswift/public_html/wp-content/plugins/contact-form-7/includes/mail.php(19): WPCF7_Mail->compose()
#5 /home/agroswift/public_html/wp-content/plugins/contact-form-7/includes/submission.php(474): WPCF7_Mail::send(Array, 'mail')
#6 /home/agroswift/public_html/wp-content/plugins/contact-form-7/includes/submission.php(92): WPCF7_Submission->mail()
#7 /home/agroswift/public_html/wp-content/plugins/contact-form-7/includes/submission.php(24): WPCF7_Submission->proceed()
#8 /home/agroswift/public_html/wp-content/plugins/contact-form-7/includes/contact-form.php(763): WPCF7_Submission::get_instance(Object(WPCF7_ContactForm), Array)
#9 /home/agroswift/public_html/wp-content/plugins/contact-form-7/includes/rest-api.php(321): WPCF7_ContactForm->submit()
#10 /home/agroswift/public_html/wp-includes/rest-api/class-wp-rest-server.php(1230): wpcf7_rest_create_feedback(Object(WP_REST_Request))
#11 /home/agroswift/public_html/wp-includes/rest-api/class-wp-rest-server.php(1063): WP_REST_Server->respond_to_request(Object(WP_REST_Request), '/contact-form-7...', Array, NULL)
#12 /home/agroswift/public_html/wp-includes/rest-api/class-wp-rest-server.php(439): WP_REST_Server->dispatch(Object(WP_REST_Request))
#13 /home/agroswift/public_html/wp-includes/rest-api.php(428): WP_REST_Server->serve_request('/contact-form-7...')
#14 /home/agroswift/public_html/wp-includes/class-wp-hook.php(324): rest_api_loaded(Object(WP))
#15 /home/agroswift/public_html/wp-includes/class-wp-hook.php(348): WP_Hook->apply_filters(NULL, Array)
#16 /home/agroswift/public_html/wp-includes/plugin.php(565): WP_Hook->do_action(Array)
#17 /home/agroswift/public_html/wp-includes/class-wp.php(418): do_action_ref_array('parse_request', Array)
#18 /home/agroswift/public_html/wp-includes/class-wp.php(813): WP->parse_request('')
#19 /home/agroswift/public_html/wp-includes/functions.php(1336): WP->main('')
#20 /home/agroswift/public_html/wp-blog-header.php(16): wp()
#21 /home/agroswift/public_html/index.php(17): require('/home/agroswift...')
#22 {main}
  thrown in /home/agroswift/public_html/wp-content/plugins/gosmtp/init.php on line 120

